
These predictions were generated by SubDyn on 10-Jul-2026 at 16:56:19.




    Time	  M1N1TDxss	  M1N2TDxss
       s	        (m)	        (m)
    0.0000	-6.7951E-03	 1.1613E-02
    0.0050	-1.2512E-03	 2.7618E-02
    0.0100	 1.4641E-02	 7.3501E-02
    0.0150	 3.9095E-02	 1.4410E-01
    0.0200	 6.9583E-02	 2.3212E-01
    0.0250	 1.0311E-01	 3.2891E-01
    0.0300	 1.3646E-01	 4.2520E-01
    0.0350	 1.6656E-01	 5.1210E-01
    0.0400	 1.9071E-01	 5.8182E-01
    0.0450	 2.0685E-01	 6.2841E-01
    0.0500	 2.1372E-01	 6.4824E-01
    0.0550	 2.1096E-01	 6.4029E-01
    0.0600	 1.9913E-01	 6.0613E-01
    0.0650	 1.7959E-01	 5.4971E-01
    0.0700	 1.5438E-01	 4.7693E-01
    0.0750	 1.2602E-01	 3.9505E-01
    0.0800	 9.7228E-02	 3.1193E-01
    0.0850	 7.0691E-02	 2.3532E-01
    0.0900	 4.8802E-02	 1.7213E-01
    0.0950	 3.3452E-02	 1.2781E-01
    0.1000	 2.5866E-02	 1.0591E-01
    0.1050	 2.6515E-02	 1.0778E-01
    0.1100	 3.5091E-02	 1.3254E-01
    0.1150	 5.0560E-02	 1.7720E-01
    0.1200	 7.1278E-02	 2.3702E-01
    0.1250	 9.5167E-02	 3.0599E-01
    0.1300	 1.1992E-01	 3.7743E-01
    0.1350	 1.4320E-01	 4.4466E-01
    0.1400	 1.6291E-01	 5.0156E-01
    0.1450	 1.7732E-01	 5.4315E-01
    0.1500	 1.8525E-01	 5.6606E-01
    0.1550	 1.8617E-01	 5.6870E-01
    0.1600	 1.8019E-01	 5.5146E-01
    0.1650	 1.6809E-01	 5.1652E-01
    0.1700	 1.5117E-01	 4.6766E-01
    0.1750	 1.3114E-01	 4.0983E-01
    0.1800	 1.0995E-01	 3.4867E-01
    0.1850	 8.9611E-02	 2.8994E-01
    0.1900	 7.1977E-02	 2.3903E-01
    0.1950	 5.8603E-02	 2.0042E-01
    0.2000	 5.0602E-02	 1.7732E-01
    0.2050	 4.8554E-02	 1.7141E-01
    0.2100	 5.2470E-02	 1.8271E-01
    0.2150	 6.1806E-02	 2.0967E-01
    0.2200	 7.5534E-02	 2.4930E-01
    0.2250	 9.2248E-02	 2.9756E-01
    0.2300	 1.1031E-01	 3.4970E-01
    0.2350	 1.2800E-01	 4.0077E-01
    0.2400	 1.4369E-01	 4.4607E-01
    0.2450	 1.5598E-01	 4.8156E-01
    0.2500	 1.6385E-01	 5.0426E-01
    0.2550	 1.6668E-01	 5.1244E-01
    0.2600	 1.6437E-01	 5.0578E-01
    0.2650	 1.5729E-01	 4.8535E-01
    0.2700	 1.4624E-01	 4.5345E-01
    0.2750	 1.3237E-01	 4.1338E-01
    0.2800	 1.1704E-01	 3.6912E-01
    0.2850	 1.0172E-01	 3.2489E-01
    0.2900	 8.7829E-02	 2.8480E-01
    0.2950	 7.6619E-02	 2.5244E-01
    0.3000	 6.9045E-02	 2.3057E-01
    0.3050	 6.5700E-02	 2.2091E-01
    0.3100	 6.6768E-02	 2.2399E-01
    0.3150	 7.2016E-02	 2.3915E-01
    0.3200	 8.0831E-02	 2.6460E-01
    0.3250	 9.2290E-02	 2.9768E-01
    0.3300	 1.0525E-01	 3.3509E-01
    0.3350	 1.1846E-01	 3.7323E-01
    0.3400	 1.3069E-01	 4.0854E-01
    0.3450	 1.4084E-01	 4.3784E-01
    0.3500	 1.4802E-01	 4.5857E-01
    0.3550	 1.5166E-01	 4.6909E-01
    0.3600	 1.5153E-01	 4.6871E-01
    0.3650	 1.4776E-01	 4.5781E-01
    0.3700	 1.4079E-01	 4.3772E-01
    0.3750	 1.3139E-01	 4.1056E-01
    0.3800	 1.2048E-01	 3.7908E-01
    0.3850	 1.0914E-01	 3.4632E-01
    0.3900	 9.8416E-02	 3.1536E-01
    0.3950	 8.9294E-02	 2.8903E-01
    0.4000	 8.2569E-02	 2.6961E-01
    0.4050	 7.8794E-02	 2.5871E-01
    0.4100	 7.8229E-02	 2.5708E-01
    0.4150	 8.0831E-02	 2.6460E-01
    0.4200	 8.6262E-02	 2.8028E-01
    0.4250	 9.3935E-02	 3.0243E-01
    0.4300	 1.0307E-01	 3.2880E-01
    0.4350	 1.1277E-01	 3.5681E-01
    0.4400	 1.2213E-01	 3.8383E-01
    0.4450	 1.3028E-01	 4.0736E-01
    0.4500	 1.3651E-01	 4.2535E-01
    0.4550	 1.4029E-01	 4.3627E-01
    0.4600	 1.4136E-01	 4.3934E-01
    0.4650	 1.3968E-01	 4.3450E-01
    0.4700	 1.3551E-01	 4.2244E-01
    0.4750	 1.2929E-01	 4.0450E-01
    0.4800	 1.2168E-01	 3.8252E-01
    0.4850	 1.1341E-01	 3.5866E-01
    0.4900	 1.0528E-01	 3.3519E-01
    0.4950	 9.8037E-02	 3.1427E-01
    0.5000	 9.2321E-02	 2.9777E-01
    0.5050	 8.8620E-02	 2.8708E-01
    0.5100	 8.7216E-02	 2.8303E-01
    0.5150	 8.8170E-02	 2.8578E-01
    0.5200	 9.1323E-02	 2.9489E-01
    0.5250	 9.6315E-02	 3.0930E-01
    0.5300	 1.0263E-01	 3.2753E-01
    0.5350	 1.0964E-01	 3.4777E-01
    0.5400	 1.1667E-01	 3.6808E-01
    0.5450	 1.2308E-01	 3.8657E-01
    0.5500	 1.2828E-01	 4.0159E-01
    0.5550	 1.3183E-01	 4.1185E-01
    0.5600	 1.3346E-01	 4.1653E-01
    0.5650	 1.3306E-01	 4.1538E-01
    0.5700	 1.3073E-01	 4.0867E-01
    0.5750	 1.2676E-01	 3.9719E-01
    0.5800	 1.2155E-01	 3.8216E-01
    0.5850	 1.1563E-01	 3.6507E-01
    0.5900	 1.0957E-01	 3.4757E-01
    0.5950	 1.0393E-01	 3.3130E-01
    0.6000	 9.9232E-02	 3.1772E-01
    0.6050	 9.5873E-02	 3.0802E-01
    0.6100	 9.4128E-02	 3.0299E-01
    0.6150	 9.4111E-02	 3.0293E-01
    0.6200	 9.5770E-02	 3.0772E-01
    0.6250	 9.8901E-02	 3.1676E-01
    0.6300	 1.0317E-01	 3.2909E-01
    0.6350	 1.0815E-01	 3.4346E-01
    0.6400	 1.1335E-01	 3.5847E-01
    0.6450	 1.1828E-01	 3.7272E-01
    0.6500	 1.2251E-01	 3.8491E-01
    0.6550	 1.2564E-01	 3.9397E-01
    0.6600	 1.2744E-01	 3.9915E-01
    0.6650	 1.2776E-01	 4.0009E-01
    0.6700	 1.2663E-01	 3.9682E-01
    0.6750	 1.2420E-01	 3.8979E-01
    0.6800	 1.2072E-01	 3.7975E-01
    0.6850	 1.1655E-01	 3.6773E-01
    0.6900	 1.1211E-01	 3.5490E-01
    0.6950	 1.0781E-01	 3.4247E-01
    0.7000	 1.0404E-01	 3.3160E-01
    0.7050	 1.0114E-01	 3.2322E-01
    0.7100	 9.9351E-02	 3.1806E-01
    0.7150	 9.8807E-02	 3.1649E-01
    0.7200	 9.9521E-02	 3.1855E-01
    0.7250	 1.0139E-01	 3.2394E-01
    0.7300	 1.0420E-01	 3.3206E-01
    0.7350	 1.0767E-01	 3.4207E-01
    0.7400	 1.1145E-01	 3.5299E-01
    0.7450	 1.1518E-01	 3.6377E-01
    0.7500	 1.1853E-01	 3.7343E-01
    0.7550	 1.2118E-01	 3.8110E-01
    0.7600	 1.2293E-01	 3.8612E-01
    0.7650	 1.2362E-01	 3.8812E-01
    0.7700	 1.2323E-01	 3.8700E-01
    0.7750	 1.2182E-01	 3.8295E-01
    0.7800	 1.1957E-01	 3.7644E-01
    0.7850	 1.1670E-01	 3.6815E-01
    0.7900	 1.1349E-01	 3.5889E-01
    0.7950	 1.1026E-01	 3.4957E-01
    0.8000	 1.0731E-01	 3.4104E-01
    0.8050	 1.0490E-01	 3.3407E-01
    0.8100	 1.0323E-01	 3.2926E-01
    0.8150	 1.0245E-01	 3.2700E-01
    0.8200	 1.0259E-01	 3.2741E-01
    0.8250	 1.0362E-01	 3.3038E-01
    0.8300	 1.0541E-01	 3.3555E-01
    0.8350	 1.0777E-01	 3.4238E-01
    0.8400	 1.1048E-01	 3.5019E-01
    0.8450	 1.1326E-01	 3.5821E-01
    0.8500	 1.1585E-01	 3.6571E-01
    0.8550	 1.1803E-01	 3.7200E-01
    0.8600	 1.1960E-01	 3.7653E-01
    0.8650	 1.2044E-01	 3.7894E-01
    0.8700	 1.2048E-01	 3.7906E-01
    0.8750	 1.1975E-01	 3.7696E-01
    0.8800	 1.1834E-01	 3.7290E-01
    0.8850	 1.1641E-01	 3.6731E-01
    0.8900	 1.1414E-01	 3.6075E-01
    0.8950	 1.1175E-01	 3.5387E-01
    0.9000	 1.0948E-01	 3.4731E-01
    0.9050	 1.0753E-01	 3.4167E-01
    0.9100	 1.0607E-01	 3.3745E-01
    0.9150	 1.0521E-01	 3.3499E-01
    0.9200	 1.0504E-01	 3.3447E-01
    0.9250	 1.0552E-01	 3.3589E-01
    0.9300	 1.0662E-01	 3.3904E-01
    0.9350	 1.0819E-01	 3.4359E-01
    0.9400	 1.1009E-01	 3.4907E-01
    0.9450	 1.1212E-01	 3.5494E-01
    0.9500	 1.1410E-01	 3.6066E-01
    0.9550	 1.1584E-01	 3.6568E-01
    0.9600	 1.1719E-01	 3.6958E-01
    0.9650	 1.1804E-01	 3.7201E-01
    0.9700	 1.1831E-01	 3.7281E-01
    0.9750	 1.1801E-01	 3.7194E-01
    0.9800	 1.1718E-01	 3.6953E-01
    0.9850	 1.1591E-01	 3.6586E-01
    0.9900	 1.1433E-01	 3.6130E-01
    0.9950	 1.1260E-01	 3.5631E-01
    1.0000	 1.1088E-01	 3.5135E-01
    1.0050	 1.0934E-01	 3.4689E-01
    1.0100	 1.0810E-01	 3.4333E-01
    1.0150	 1.0728E-01	 3.4097E-01
    1.0200	 1.0695E-01	 3.3999E-01
    1.0250	 1.0710E-01	 3.4044E-01
    1.0300	 1.0773E-01	 3.4224E-01
    1.0350	 1.0874E-01	 3.4518E-01
    1.0400	 1.1005E-01	 3.4895E-01
    1.0450	 1.1151E-01	 3.5318E-01
    1.0500	 1.1300E-01	 3.5746E-01
    1.0550	 1.1436E-01	 3.6139E-01
    1.0600	 1.1548E-01	 3.6463E-01
    1.0650	 1.1626E-01	 3.6688E-01
    1.0700	 1.1664E-01	 3.6797E-01
    1.0750	 1.1659E-01	 3.6784E-01
    1.0800	 1.1614E-01	 3.6652E-01
    1.0850	 1.1533E-01	 3.6420E-01
    1.0900	 1.1426E-01	 3.6109E-01
    1.0950	 1.1302E-01	 3.5753E-01
    1.1000	 1.1175E-01	 3.5385E-01
    1.1050	 1.1055E-01	 3.5039E-01
    1.1100	 1.0954E-01	 3.4748E-01
    1.1150	 1.0881E-01	 3.4536E-01
    1.1200	 1.0841E-01	 3.4422E-01
    1.1250	 1.0837E-01	 3.4411E-01
    1.1300	 1.0869E-01	 3.4503E-01
    1.1350	 1.0932E-01	 3.4686E-01
    1.1400	 1.1020E-01	 3.4939E-01
    1.1450	 1.1124E-01	 3.5238E-01
    1.1500	 1.1233E-01	 3.5554E-01
    1.1550	 1.1338E-01	 3.5855E-01
    1.1600	 1.1428E-01	 3.6116E-01
    1.1650	 1.1496E-01	 3.6313E-01
    1.1700	 1.1536E-01	 3.6429E-01
    1.1750	 1.1546E-01	 3.6457E-01
    1.1800	 1.1525E-01	 3.6396E-01
    1.1850	 1.1476E-01	 3.6255E-01
    1.1900	 1.1405E-01	 3.6049E-01
    1.1950	 1.1318E-01	 3.5799E-01
    1.2000	 1.1225E-01	 3.5531E-01
    1.2050	 1.1134E-01	 3.5268E-01
    1.2100	 1.1054E-01	 3.5036E-01
    1.2150	 1.0991E-01	 3.4854E-01
    1.2200	 1.0951E-01	 3.4740E-01
    1.2250	 1.0937E-01	 3.4700E-01
    1.2300	 1.0950E-01	 3.4736E-01
    1.2350	 1.0987E-01	 3.4844E-01
    1.2400	 1.1045E-01	 3.5010E-01
    1.2450	 1.1116E-01	 3.5217E-01
    1.2500	 1.1196E-01	 3.5446E-01
    1.2550	 1.1274E-01	 3.5673E-01
    1.2600	 1.1346E-01	 3.5879E-01
    1.2650	 1.1403E-01	 3.6044E-01
    1.2700	 1.1441E-01	 3.6155E-01
    1.2750	 1.1458E-01	 3.6203E-01
    1.2800	 1.1452E-01	 3.6185E-01
    1.2850	 1.1424E-01	 3.6105E-01
    1.2900	 1.1378E-01	 3.5973E-01
    1.2950	 1.1319E-01	 3.5801E-01
    1.3000	 1.1252E-01	 3.5608E-01
    1.3050	 1.1184E-01	 3.5412E-01
    1.3100	 1.1121E-01	 3.5230E-01
    1.3150	 1.1069E-01	 3.5080E-01
    1.3200	 1.1033E-01	 3.4975E-01
    1.3250	 1.1014E-01	 3.4923E-01
    1.3300	 1.1016E-01	 3.4926E-01
    1.3350	 1.1036E-01	 3.4984E-01
    1.3400	 1.1072E-01	 3.5089E-01
    1.3450	 1.1121E-01	 3.5230E-01
    1.3500	 1.1177E-01	 3.5392E-01
    1.3550	 1.1236E-01	 3.5561E-01
    1.3600	 1.1291E-01	 3.5720E-01
    1.3650	 1.1337E-01	 3.5855E-01
    1.3700	 1.1372E-01	 3.5954E-01
    1.3750	 1.1391E-01	 3.6009E-01
    1.3800	 1.1393E-01	 3.6016E-01
    1.3850	 1.1379E-01	 3.5976E-01
    1.3900	 1.1351E-01	 3.5894E-01
    1.3950	 1.1311E-01	 3.5779E-01
    1.4000	 1.1264E-01	 3.5642E-01
    1.4050	 1.1214E-01	 3.5498E-01
    1.4100	 1.1166E-01	 3.5359E-01
    1.4150	 1.1124E-01	 3.5238E-01
    1.4200	 1.1092E-01	 3.5147E-01
    1.4250	 1.1073E-01	 3.5091E-01
    1.4300	 1.1068E-01	 3.5077E-01
    1.4350	 1.1077E-01	 3.5103E-01
    1.4400	 1.1099E-01	 3.5166E-01
    1.4450	 1.1131E-01	 3.5259E-01
    1.4500	 1.1171E-01	 3.5373E-01
    1.4550	 1.1213E-01	 3.5496E-01
    1.4600	 1.1255E-01	 3.5617E-01
    1.4650	 1.1292E-01	 3.5724E-01
    1.4700	 1.1321E-01	 3.5809E-01
    1.4750	 1.1340E-01	 3.5863E-01
    1.4800	 1.1347E-01	 3.5882E-01
    1.4850	 1.1342E-01	 3.5867E-01
    1.4900	 1.1325E-01	 3.5819E-01
    1.4950	 1.1299E-01	 3.5744E-01
    1.5000	 1.1266E-01	 3.5650E-01
    1.5050	 1.1230E-01	 3.5545E-01
    1.5100	 1.1194E-01	 3.5441E-01
    1.5150	 1.1161E-01	 3.5346E-01
    1.5200	 1.1135E-01	 3.5269E-01
    1.5250	 1.1117E-01	 3.5217E-01
    1.5300	 1.1108E-01	 3.5194E-01
    1.5350	 1.1111E-01	 3.5201E-01
    1.5400	 1.1123E-01	 3.5236E-01
    1.5450	 1.1144E-01	 3.5296E-01
    1.5500	 1.1171E-01	 3.5374E-01
    1.5550	 1.1201E-01	 3.5462E-01
    1.5600	 1.1233E-01	 3.5552E-01
    1.5650	 1.1262E-01	 3.5636E-01
    1.5700	 1.1286E-01	 3.5705E-01
    1.5750	 1.1303E-01	 3.5755E-01
    1.5800	 1.1311E-01	 3.5780E-01
    1.5850	 1.1311E-01	 3.5779E-01
    1.5900	 1.1302E-01	 3.5754E-01
    1.5950	 1.1286E-01	 3.5707E-01
    1.6000	 1.1264E-01	 3.5643E-01
    1.6050	 1.1238E-01	 3.5569E-01
    1.6100	 1.1211E-01	 3.5491E-01
    1.6150	 1.1186E-01	 3.5418E-01
    1.6200	 1.1164E-01	 3.5356E-01
    1.6250	 1.1148E-01	 3.5309E-01
    1.6300	 1.1139E-01	 3.5283E-01
    1.6350	 1.1138E-01	 3.5279E-01
    1.6400	 1.1144E-01	 3.5297E-01
    1.6450	 1.1157E-01	 3.5333E-01
    1.6500	 1.1175E-01	 3.5386E-01
    1.6550	 1.1196E-01	 3.5448E-01
    1.6600	 1.1219E-01	 3.5514E-01
    1.6650	 1.1241E-01	 3.5578E-01
    1.6700	 1.1261E-01	 3.5634E-01
    1.6750	 1.1276E-01	 3.5676E-01
    1.6800	 1.1285E-01	 3.5702E-01
    1.6850	 1.1287E-01	 3.5710E-01
    1.6900	 1.1283E-01	 3.5699E-01
    1.6950	 1.1273E-01	 3.5670E-01
    1.7000	 1.1259E-01	 3.5628E-01
    1.7050	 1.1241E-01	 3.5576E-01
    1.7100	 1.1221E-01	 3.5520E-01
    1.7150	 1.1202E-01	 3.5465E-01
    1.7200	 1.1185E-01	 3.5415E-01
    1.7250	 1.1171E-01	 3.5376E-01
    1.7300	 1.1163E-01	 3.5350E-01
    1.7350	 1.1159E-01	 3.5341E-01
    1.7400	 1.1161E-01	 3.5347E-01
    1.7450	 1.1169E-01	 3.5368E-01
    1.7500	 1.1181E-01	 3.5402E-01
    1.7550	 1.1195E-01	 3.5445E-01
    1.7600	 1.1212E-01	 3.5493E-01
    1.7650	 1.1229E-01	 3.5541E-01
    1.7700	 1.1244E-01	 3.5585E-01
    1.7750	 1.1256E-01	 3.5620E-01
    1.7800	 1.1265E-01	 3.5645E-01
    1.7850	 1.1268E-01	 3.5656E-01
    1.7900	 1.1268E-01	 3.5653E-01
    1.7950	 1.1262E-01	 3.5638E-01
    1.8000	 1.1253E-01	 3.5611E-01
    1.8050	 1.1241E-01	 3.5575E-01
    1.8100	 1.1227E-01	 3.5535E-01
    1.8150	 1.1212E-01	 3.5494E-01
    1.8200	 1.1199E-01	 3.5455E-01
    1.8250	 1.1188E-01	 3.5423E-01
    1.8300	 1.1180E-01	 3.5400E-01
    1.8350	 1.1176E-01	 3.5388E-01
    1.8400	 1.1176E-01	 3.5388E-01
    1.8450	 1.1179E-01	 3.5399E-01
    1.8500	 1.1187E-01	 3.5420E-01
    1.8550	 1.1197E-01	 3.5449E-01
    1.8600	 1.1209E-01	 3.5483E-01
    1.8650	 1.1221E-01	 3.5518E-01
    1.8700	 1.1232E-01	 3.5552E-01
    1.8750	 1.1242E-01	 3.5581E-01
    1.8800	 1.1250E-01	 3.5602E-01
    1.8850	 1.1254E-01	 3.5615E-01
    1.8900	 1.1255E-01	 3.5617E-01
    1.8950	 1.1252E-01	 3.5610E-01
    1.9000	 1.1247E-01	 3.5593E-01
    1.9050	 1.1239E-01	 3.5569E-01
    1.9100	 1.1229E-01	 3.5541E-01
    1.9150	 1.1218E-01	 3.5511E-01
    1.9200	 1.1208E-01	 3.5481E-01
    1.9250	 1.1199E-01	 3.5456E-01
    1.9300	 1.1192E-01	 3.5436E-01
    1.9350	 1.1188E-01	 3.5423E-01
    1.9400	 1.1187E-01	 3.5420E-01
    1.9450	 1.1188E-01	 3.5424E-01
    1.9500	 1.1193E-01	 3.5437E-01
    1.9550	 1.1199E-01	 3.5456E-01
    1.9600	 1.1207E-01	 3.5480E-01
    1.9650	 1.1216E-01	 3.5505E-01
    1.9700	 1.1225E-01	 3.5531E-01
    1.9750	 1.1233E-01	 3.5554E-01
    1.9800	 1.1239E-01	 3.5572E-01
    1.9850	 1.1244E-01	 3.5584E-01
    1.9900	 1.1245E-01	 3.5589E-01
    1.9950	 1.1244E-01	 3.5586E-01
    2.0000	 1.1241E-01	 3.5577E-01
    2.0050	 1.1236E-01	 3.5561E-01
    2.0100	 1.1229E-01	 3.5542E-01
    2.0150	 1.1221E-01	 3.5520E-01
    2.0200	 1.1214E-01	 3.5498E-01
    2.0250	 1.1207E-01	 3.5478E-01
    2.0300	 1.1201E-01	 3.5461E-01
    2.0350	 1.1197E-01	 3.5450E-01
    2.0400	 1.1195E-01	 3.5444E-01
    2.0450	 1.1196E-01	 3.5445E-01
    2.0500	 1.1198E-01	 3.5452E-01
    2.0550	 1.1202E-01	 3.5464E-01
    2.0600	 1.1208E-01	 3.5481E-01
    2.0650	 1.1214E-01	 3.5499E-01
    2.0700	 1.1221E-01	 3.5518E-01
    2.0750	 1.1227E-01	 3.5536E-01
    2.0800	 1.1232E-01	 3.5551E-01
    2.0850	 1.1236E-01	 3.5561E-01
    2.0900	 1.1238E-01	 3.5567E-01
    2.0950	 1.1238E-01	 3.5567E-01
    2.1000	 1.1236E-01	 3.5563E-01
    2.1050	 1.1233E-01	 3.5553E-01
    2.1100	 1.1228E-01	 3.5540E-01
    2.1150	 1.1223E-01	 3.5524E-01
    2.1200	 1.1217E-01	 3.5508E-01
    2.1250	 1.1212E-01	 3.5493E-01
    2.1300	 1.1207E-01	 3.5479E-01
    2.1350	 1.1204E-01	 3.5469E-01
    2.1400	 1.1202E-01	 3.5463E-01
    2.1450	 1.1201E-01	 3.5462E-01
    2.1500	 1.1202E-01	 3.5465E-01
    2.1550	 1.1205E-01	 3.5473E-01
    2.1600	 1.1209E-01	 3.5483E-01
    2.1650	 1.1213E-01	 3.5496E-01
    2.1700	 1.1218E-01	 3.5510E-01
    2.1750	 1.1223E-01	 3.5524E-01
    2.1800	 1.1227E-01	 3.5536E-01
    2.1850	 1.1230E-01	 3.5545E-01
    2.1900	 1.1232E-01	 3.5551E-01
    2.1950	 1.1233E-01	 3.5553E-01
    2.2000	 1.1232E-01	 3.5551E-01
    2.2050	 1.1230E-01	 3.5545E-01
    2.2100	 1.1227E-01	 3.5536E-01
    2.2150	 1.1223E-01	 3.5526E-01
    2.2200	 1.1219E-01	 3.5514E-01
    2.2250	 1.1215E-01	 3.5502E-01
    2.2300	 1.1212E-01	 3.5492E-01
    2.2350	 1.1209E-01	 3.5483E-01
    2.2400	 1.1207E-01	 3.5477E-01
    2.2450	 1.1206E-01	 3.5475E-01
    2.2500	 1.1206E-01	 3.5476E-01
    2.2550	 1.1208E-01	 3.5480E-01
    2.2600	 1.1210E-01	 3.5487E-01
    2.2650	 1.1213E-01	 3.5496E-01
    2.2700	 1.1217E-01	 3.5506E-01
    2.2750	 1.1220E-01	 3.5516E-01
    2.2800	 1.1223E-01	 3.5526E-01
    2.2850	 1.1226E-01	 3.5533E-01
    2.2900	 1.1228E-01	 3.5539E-01
    2.2950	 1.1229E-01	 3.5541E-01
    2.3000	 1.1229E-01	 3.5541E-01
    2.3050	 1.1228E-01	 3.5538E-01
    2.3100	 1.1226E-01	 3.5532E-01
    2.3150	 1.1223E-01	 3.5525E-01
    2.3200	 1.1220E-01	 3.5517E-01
    2.3250	 1.1217E-01	 3.5508E-01
    2.3300	 1.1214E-01	 3.5500E-01
    2.3350	 1.1212E-01	 3.5493E-01
    2.3400	 1.1210E-01	 3.5488E-01
    2.3450	 1.1209E-01	 3.5485E-01
    2.3500	 1.1209E-01	 3.5485E-01
    2.3550	 1.1210E-01	 3.5487E-01
    2.3600	 1.1211E-01	 3.5491E-01
    2.3650	 1.1214E-01	 3.5497E-01
    2.3700	 1.1216E-01	 3.5504E-01
    2.3750	 1.1219E-01	 3.5512E-01
    2.3800	 1.1221E-01	 3.5519E-01
    2.3850	 1.1223E-01	 3.5525E-01
    2.3900	 1.1225E-01	 3.5530E-01
    2.3950	 1.1226E-01	 3.5533E-01
    2.4000	 1.1226E-01	 3.5533E-01
    2.4050	 1.1225E-01	 3.5532E-01
    2.4100	 1.1224E-01	 3.5528E-01
    2.4150	 1.1223E-01	 3.5524E-01
    2.4200	 1.1221E-01	 3.5518E-01
    2.4250	 1.1218E-01	 3.5511E-01
    2.4300	 1.1216E-01	 3.5505E-01
    2.4350	 1.1214E-01	 3.5500E-01
    2.4400	 1.1213E-01	 3.5495E-01
    2.4450	 1.1212E-01	 3.5493E-01
    2.4500	 1.1212E-01	 3.5492E-01
    2.4550	 1.1212E-01	 3.5493E-01
    2.4600	 1.1213E-01	 3.5495E-01
    2.4650	 1.1214E-01	 3.5499E-01
    2.4700	 1.1216E-01	 3.5504E-01
    2.4750	 1.1218E-01	 3.5509E-01
    2.4800	 1.1220E-01	 3.5515E-01
    2.4850	 1.1221E-01	 3.5519E-01
    2.4900	 1.1223E-01	 3.5523E-01
    2.4950	 1.1223E-01	 3.5526E-01
    2.5000	 1.1224E-01	 3.5527E-01
    2.5050	 1.1224E-01	 3.5527E-01
    2.5100	 1.1223E-01	 3.5525E-01
    2.5150	 1.1222E-01	 3.5522E-01
    2.5200	 1.1221E-01	 3.5518E-01
    2.5250	 1.1219E-01	 3.5513E-01
    2.5300	 1.1217E-01	 3.5509E-01
    2.5350	 1.1216E-01	 3.5504E-01
    2.5400	 1.1215E-01	 3.5501E-01
    2.5450	 1.1214E-01	 3.5498E-01
    2.5500	 1.1213E-01	 3.5497E-01
    2.5550	 1.1213E-01	 3.5497E-01
    2.5600	 1.1214E-01	 3.5498E-01
    2.5650	 1.1215E-01	 3.5501E-01
    2.5700	 1.1216E-01	 3.5504E-01
    2.5750	 1.1217E-01	 3.5508E-01
    2.5800	 1.1219E-01	 3.5512E-01
    2.5850	 1.1220E-01	 3.5516E-01
    2.5900	 1.1221E-01	 3.5519E-01
    2.5950	 1.1222E-01	 3.5521E-01
    2.6000	 1.1222E-01	 3.5523E-01
    2.6050	 1.1222E-01	 3.5523E-01
    2.6100	 1.1222E-01	 3.5522E-01
    2.6150	 1.1221E-01	 3.5520E-01
    2.6200	 1.1220E-01	 3.5517E-01
    2.6250	 1.1219E-01	 3.5514E-01
    2.6300	 1.1218E-01	 3.5511E-01
    2.6350	 1.1217E-01	 3.5507E-01
    2.6400	 1.1216E-01	 3.5504E-01
    2.6450	 1.1215E-01	 3.5502E-01
    2.6500	 1.1215E-01	 3.5501E-01
    2.6550	 1.1215E-01	 3.5501E-01
    2.6600	 1.1215E-01	 3.5501E-01
    2.6650	 1.1215E-01	 3.5503E-01
    2.6700	 1.1216E-01	 3.5505E-01
    2.6750	 1.1217E-01	 3.5508E-01
    2.6800	 1.1218E-01	 3.5510E-01
    2.6850	 1.1219E-01	 3.5513E-01
    2.6900	 1.1220E-01	 3.5516E-01
    2.6950	 1.1221E-01	 3.5518E-01
    2.7000	 1.1221E-01	 3.5519E-01
    2.7050	 1.1221E-01	 3.5520E-01
    2.7100	 1.1221E-01	 3.5519E-01
    2.7150	 1.1221E-01	 3.5518E-01
    2.7200	 1.1220E-01	 3.5516E-01
    2.7250	 1.1219E-01	 3.5514E-01
    2.7300	 1.1219E-01	 3.5512E-01
    2.7350	 1.1218E-01	 3.5509E-01
    2.7400	 1.1217E-01	 3.5507E-01
    2.7450	 1.1216E-01	 3.5505E-01
    2.7500	 1.1216E-01	 3.5504E-01
    2.7550	 1.1216E-01	 3.5503E-01
    2.7600	 1.1216E-01	 3.5503E-01
    2.7650	 1.1216E-01	 3.5504E-01
    2.7700	 1.1216E-01	 3.5506E-01
    2.7750	 1.1217E-01	 3.5508E-01
    2.7800	 1.1218E-01	 3.5510E-01
    2.7850	 1.1219E-01	 3.5512E-01
    2.7900	 1.1219E-01	 3.5514E-01
    2.7950	 1.1220E-01	 3.5515E-01
    2.8000	 1.1220E-01	 3.5517E-01
    2.8050	 1.1220E-01	 3.5517E-01
    2.8100	 1.1220E-01	 3.5517E-01
    2.8150	 1.1220E-01	 3.5517E-01
    2.8200	 1.1220E-01	 3.5515E-01
    2.8250	 1.1219E-01	 3.5514E-01
    2.8300	 1.1219E-01	 3.5512E-01
    2.8350	 1.1218E-01	 3.5510E-01
    2.8400	 1.1217E-01	 3.5509E-01
    2.8450	 1.1217E-01	 3.5507E-01
    2.8500	 1.1217E-01	 3.5506E-01
    2.8550	 1.1216E-01	 3.5505E-01
    2.8600	 1.1216E-01	 3.5505E-01
    2.8650	 1.1216E-01	 3.5506E-01
    2.8700	 1.1217E-01	 3.5507E-01
    2.8750	 1.1217E-01	 3.5508E-01
    2.8800	 1.1218E-01	 3.5509E-01
    2.8850	 1.1218E-01	 3.5511E-01
    2.8900	 1.1219E-01	 3.5512E-01
    2.8950	 1.1219E-01	 3.5514E-01
    2.9000	 1.1220E-01	 3.5515E-01
    2.9050	 1.1220E-01	 3.5515E-01
    2.9100	 1.1220E-01	 3.5516E-01
    2.9150	 1.1220E-01	 3.5515E-01
    2.9200	 1.1220E-01	 3.5515E-01
    2.9250	 1.1219E-01	 3.5514E-01
    2.9300	 1.1219E-01	 3.5512E-01
    2.9350	 1.1218E-01	 3.5511E-01
    2.9400	 1.1218E-01	 3.5510E-01
    2.9450	 1.1217E-01	 3.5509E-01
    2.9500	 1.1217E-01	 3.5508E-01
    2.9550	 1.1217E-01	 3.5507E-01
    2.9600	 1.1217E-01	 3.5507E-01
    2.9650	 1.1217E-01	 3.5507E-01
    2.9700	 1.1217E-01	 3.5507E-01
    2.9750	 1.1217E-01	 3.5508E-01
    2.9800	 1.1218E-01	 3.5509E-01
    2.9850	 1.1218E-01	 3.5510E-01
    2.9900	 1.1218E-01	 3.5512E-01
    2.9950	 1.1219E-01	 3.5513E-01
    3.0000	 1.1219E-01	 3.5513E-01
    3.0050	 1.1219E-01	 3.5514E-01
    3.0100	 1.1219E-01	 3.5514E-01
    3.0150	 1.1219E-01	 3.5514E-01
    3.0200	 1.1219E-01	 3.5514E-01
    3.0250	 1.1219E-01	 3.5513E-01
    3.0300	 1.1219E-01	 3.5512E-01
    3.0350	 1.1218E-01	 3.5511E-01
    3.0400	 1.1218E-01	 3.5510E-01
    3.0450	 1.1218E-01	 3.5510E-01
    3.0500	 1.1218E-01	 3.5509E-01
    3.0550	 1.1217E-01	 3.5508E-01
    3.0600	 1.1217E-01	 3.5508E-01
    3.0650	 1.1217E-01	 3.5508E-01
    3.0700	 1.1217E-01	 3.5508E-01
    3.0750	 1.1217E-01	 3.5509E-01
    3.0800	 1.1218E-01	 3.5509E-01
    3.0850	 1.1218E-01	 3.5510E-01
    3.0900	 1.1218E-01	 3.5511E-01
    3.0950	 1.1219E-01	 3.5512E-01
    3.1000	 1.1219E-01	 3.5512E-01
    3.1050	 1.1219E-01	 3.5513E-01
    3.1100	 1.1219E-01	 3.5513E-01
    3.1150	 1.1219E-01	 3.5513E-01
    3.1200	 1.1219E-01	 3.5513E-01
    3.1250	 1.1219E-01	 3.5513E-01
    3.1300	 1.1219E-01	 3.5512E-01
    3.1350	 1.1218E-01	 3.5512E-01
    3.1400	 1.1218E-01	 3.5511E-01
    3.1450	 1.1218E-01	 3.5510E-01
    3.1500	 1.1218E-01	 3.5510E-01
    3.1550	 1.1218E-01	 3.5509E-01
    3.1600	 1.1218E-01	 3.5509E-01
    3.1650	 1.1217E-01	 3.5509E-01
    3.1700	 1.1218E-01	 3.5509E-01
    3.1750	 1.1218E-01	 3.5509E-01
    3.1800	 1.1218E-01	 3.5510E-01
    3.1850	 1.1218E-01	 3.5510E-01
    3.1900	 1.1218E-01	 3.5511E-01
    3.1950	 1.1218E-01	 3.5511E-01
    3.2000	 1.1219E-01	 3.5512E-01
    3.2050	 1.1219E-01	 3.5512E-01
    3.2100	 1.1219E-01	 3.5513E-01
    3.2150	 1.1219E-01	 3.5513E-01
    3.2200	 1.1219E-01	 3.5513E-01
    3.2250	 1.1219E-01	 3.5512E-01
    3.2300	 1.1219E-01	 3.5512E-01
    3.2350	 1.1218E-01	 3.5512E-01
    3.2400	 1.1218E-01	 3.5511E-01
    3.2450	 1.1218E-01	 3.5511E-01
    3.2500	 1.1218E-01	 3.5510E-01
    3.2550	 1.1218E-01	 3.5510E-01
    3.2600	 1.1218E-01	 3.5509E-01
    3.2650	 1.1218E-01	 3.5509E-01
    3.2700	 1.1218E-01	 3.5509E-01
    3.2750	 1.1218E-01	 3.5509E-01
    3.2800	 1.1218E-01	 3.5510E-01
    3.2850	 1.1218E-01	 3.5510E-01
    3.2900	 1.1218E-01	 3.5511E-01
    3.2950	 1.1218E-01	 3.5511E-01
    3.3000	 1.1218E-01	 3.5511E-01
    3.3050	 1.1219E-01	 3.5512E-01
    3.3100	 1.1219E-01	 3.5512E-01
    3.3150	 1.1219E-01	 3.5512E-01
    3.3200	 1.1219E-01	 3.5512E-01
    3.3250	 1.1219E-01	 3.5512E-01
    3.3300	 1.1219E-01	 3.5512E-01
    3.3350	 1.1218E-01	 3.5512E-01
    3.3400	 1.1218E-01	 3.5511E-01
    3.3450	 1.1218E-01	 3.5511E-01
    3.3500	 1.1218E-01	 3.5510E-01
    3.3550	 1.1218E-01	 3.5510E-01
    3.3600	 1.1218E-01	 3.5510E-01
    3.3650	 1.1218E-01	 3.5510E-01
    3.3700	 1.1218E-01	 3.5510E-01
    3.3750	 1.1218E-01	 3.5510E-01
    3.3800	 1.1218E-01	 3.5510E-01
    3.3850	 1.1218E-01	 3.5510E-01
    3.3900	 1.1218E-01	 3.5510E-01
    3.3950	 1.1218E-01	 3.5511E-01
    3.4000	 1.1218E-01	 3.5511E-01
    3.4050	 1.1218E-01	 3.5511E-01
    3.4100	 1.1218E-01	 3.5512E-01
    3.4150	 1.1219E-01	 3.5512E-01
    3.4200	 1.1219E-01	 3.5512E-01
    3.4250	 1.1219E-01	 3.5512E-01
    3.4300	 1.1218E-01	 3.5512E-01
    3.4350	 1.1218E-01	 3.5511E-01
    3.4400	 1.1218E-01	 3.5511E-01
    3.4450	 1.1218E-01	 3.5511E-01
    3.4500	 1.1218E-01	 3.5511E-01
    3.4550	 1.1218E-01	 3.5510E-01
    3.4600	 1.1218E-01	 3.5510E-01
    3.4650	 1.1218E-01	 3.5510E-01
    3.4700	 1.1218E-01	 3.5510E-01
    3.4750	 1.1218E-01	 3.5510E-01
    3.4800	 1.1218E-01	 3.5510E-01
    3.4850	 1.1218E-01	 3.5510E-01
    3.4900	 1.1218E-01	 3.5510E-01
    3.4950	 1.1218E-01	 3.5511E-01
    3.5000	 1.1218E-01	 3.5511E-01
    3.5050	 1.1218E-01	 3.5511E-01
    3.5100	 1.1218E-01	 3.5511E-01
    3.5150	 1.1218E-01	 3.5511E-01
    3.5200	 1.1218E-01	 3.5512E-01
    3.5250	 1.1218E-01	 3.5512E-01
    3.5300	 1.1218E-01	 3.5511E-01
    3.5350	 1.1218E-01	 3.5511E-01
    3.5400	 1.1218E-01	 3.5511E-01
    3.5450	 1.1218E-01	 3.5511E-01
    3.5500	 1.1218E-01	 3.5511E-01
    3.5550	 1.1218E-01	 3.5511E-01
    3.5600	 1.1218E-01	 3.5510E-01
    3.5650	 1.1218E-01	 3.5510E-01
    3.5700	 1.1218E-01	 3.5510E-01
    3.5750	 1.1218E-01	 3.5510E-01
    3.5800	 1.1218E-01	 3.5510E-01
    3.5850	 1.1218E-01	 3.5510E-01
    3.5900	 1.1218E-01	 3.5511E-01
    3.5950	 1.1218E-01	 3.5511E-01
    3.6000	 1.1218E-01	 3.5511E-01
    3.6050	 1.1218E-01	 3.5511E-01
    3.6100	 1.1218E-01	 3.5511E-01
    3.6150	 1.1218E-01	 3.5511E-01
    3.6200	 1.1218E-01	 3.5511E-01
    3.6250	 1.1218E-01	 3.5511E-01
    3.6300	 1.1218E-01	 3.5511E-01
    3.6350	 1.1218E-01	 3.5511E-01
    3.6400	 1.1218E-01	 3.5511E-01
    3.6450	 1.1218E-01	 3.5511E-01
    3.6500	 1.1218E-01	 3.5511E-01
    3.6550	 1.1218E-01	 3.5511E-01
    3.6600	 1.1218E-01	 3.5511E-01
    3.6650	 1.1218E-01	 3.5510E-01
    3.6700	 1.1218E-01	 3.5510E-01
    3.6750	 1.1218E-01	 3.5510E-01
    3.6800	 1.1218E-01	 3.5510E-01
    3.6850	 1.1218E-01	 3.5510E-01
    3.6900	 1.1218E-01	 3.5511E-01
    3.6950	 1.1218E-01	 3.5511E-01
    3.7000	 1.1218E-01	 3.5511E-01
    3.7050	 1.1218E-01	 3.5511E-01
    3.7100	 1.1218E-01	 3.5511E-01
    3.7150	 1.1218E-01	 3.5511E-01
    3.7200	 1.1218E-01	 3.5511E-01
    3.7250	 1.1218E-01	 3.5511E-01
    3.7300	 1.1218E-01	 3.5511E-01
    3.7350	 1.1218E-01	 3.5511E-01
    3.7400	 1.1218E-01	 3.5511E-01
    3.7450	 1.1218E-01	 3.5511E-01
    3.7500	 1.1218E-01	 3.5511E-01
    3.7550	 1.1218E-01	 3.5511E-01
    3.7600	 1.1218E-01	 3.5511E-01
    3.7650	 1.1218E-01	 3.5511E-01
    3.7700	 1.1218E-01	 3.5511E-01
    3.7750	 1.1218E-01	 3.5510E-01
    3.7800	 1.1218E-01	 3.5510E-01
    3.7850	 1.1218E-01	 3.5511E-01
    3.7900	 1.1218E-01	 3.5511E-01
    3.7950	 1.1218E-01	 3.5511E-01
    3.8000	 1.1218E-01	 3.5511E-01
    3.8050	 1.1218E-01	 3.5511E-01
    3.8100	 1.1218E-01	 3.5511E-01
    3.8150	 1.1218E-01	 3.5511E-01
    3.8200	 1.1218E-01	 3.5511E-01
    3.8250	 1.1218E-01	 3.5511E-01
    3.8300	 1.1218E-01	 3.5511E-01
    3.8350	 1.1218E-01	 3.5511E-01
    3.8400	 1.1218E-01	 3.5511E-01
    3.8450	 1.1218E-01	 3.5511E-01
    3.8500	 1.1218E-01	 3.5511E-01
    3.8550	 1.1218E-01	 3.5511E-01
    3.8600	 1.1218E-01	 3.5511E-01
    3.8650	 1.1218E-01	 3.5511E-01
    3.8700	 1.1218E-01	 3.5511E-01
    3.8750	 1.1218E-01	 3.5511E-01
    3.8800	 1.1218E-01	 3.5511E-01
    3.8850	 1.1218E-01	 3.5511E-01
    3.8900	 1.1218E-01	 3.5511E-01
    3.8950	 1.1218E-01	 3.5511E-01
    3.9000	 1.1218E-01	 3.5511E-01
    3.9050	 1.1218E-01	 3.5511E-01
    3.9100	 1.1218E-01	 3.5511E-01
    3.9150	 1.1218E-01	 3.5511E-01
    3.9200	 1.1218E-01	 3.5511E-01
    3.9250	 1.1218E-01	 3.5511E-01
    3.9300	 1.1218E-01	 3.5511E-01
    3.9350	 1.1218E-01	 3.5511E-01
    3.9400	 1.1218E-01	 3.5511E-01
    3.9450	 1.1218E-01	 3.5511E-01
    3.9500	 1.1218E-01	 3.5511E-01
    3.9550	 1.1218E-01	 3.5511E-01
    3.9600	 1.1218E-01	 3.5511E-01
    3.9650	 1.1218E-01	 3.5511E-01
    3.9700	 1.1218E-01	 3.5511E-01
    3.9750	 1.1218E-01	 3.5511E-01
    3.9800	 1.1218E-01	 3.5511E-01
    3.9850	 1.1218E-01	 3.5511E-01
    3.9900	 1.1218E-01	 3.5511E-01
    3.9950	 1.1218E-01	 3.5511E-01
    4.0000	 1.1218E-01	 3.5511E-01
    4.0050	 1.1218E-01	 3.5511E-01
    4.0100	 1.1218E-01	 3.5511E-01
    4.0150	 1.1218E-01	 3.5511E-01
    4.0200	 1.1218E-01	 3.5511E-01
    4.0250	 1.1218E-01	 3.5511E-01
    4.0300	 1.1218E-01	 3.5511E-01
    4.0350	 1.1218E-01	 3.5511E-01
    4.0400	 1.1218E-01	 3.5511E-01
    4.0450	 1.1218E-01	 3.5511E-01
    4.0500	 1.1218E-01	 3.5511E-01
    4.0550	 1.1218E-01	 3.5511E-01
    4.0600	 1.1218E-01	 3.5511E-01
    4.0650	 1.1218E-01	 3.5511E-01
    4.0700	 1.1218E-01	 3.5511E-01
    4.0750	 1.1218E-01	 3.5511E-01
    4.0800	 1.1218E-01	 3.5511E-01
    4.0850	 1.1218E-01	 3.5511E-01
    4.0900	 1.1218E-01	 3.5511E-01
    4.0950	 1.1218E-01	 3.5511E-01
    4.1000	 1.1218E-01	 3.5511E-01
    4.1050	 1.1218E-01	 3.5511E-01
    4.1100	 1.1218E-01	 3.5511E-01
    4.1150	 1.1218E-01	 3.5511E-01
    4.1200	 1.1218E-01	 3.5511E-01
    4.1250	 1.1218E-01	 3.5511E-01
    4.1300	 1.1218E-01	 3.5511E-01
    4.1350	 1.1218E-01	 3.5511E-01
    4.1400	 1.1218E-01	 3.5511E-01
    4.1450	 1.1218E-01	 3.5511E-01
    4.1500	 1.1218E-01	 3.5511E-01
    4.1550	 1.1218E-01	 3.5511E-01
    4.1600	 1.1218E-01	 3.5511E-01
    4.1650	 1.1218E-01	 3.5511E-01
    4.1700	 1.1218E-01	 3.5511E-01
    4.1750	 1.1218E-01	 3.5511E-01
    4.1800	 1.1218E-01	 3.5511E-01
    4.1850	 1.1218E-01	 3.5511E-01
    4.1900	 1.1218E-01	 3.5511E-01
    4.1950	 1.1218E-01	 3.5511E-01
    4.2000	 1.1218E-01	 3.5511E-01
    4.2050	 1.1218E-01	 3.5511E-01
    4.2100	 1.1218E-01	 3.5511E-01
    4.2150	 1.1218E-01	 3.5511E-01
    4.2200	 1.1218E-01	 3.5511E-01
    4.2250	 1.1218E-01	 3.5511E-01
    4.2300	 1.1218E-01	 3.5511E-01
    4.2350	 1.1218E-01	 3.5511E-01
    4.2400	 1.1218E-01	 3.5511E-01
    4.2450	 1.1218E-01	 3.5511E-01
    4.2500	 1.1218E-01	 3.5511E-01
    4.2550	 1.1218E-01	 3.5511E-01
    4.2600	 1.1218E-01	 3.5511E-01
    4.2650	 1.1218E-01	 3.5511E-01
    4.2700	 1.1218E-01	 3.5511E-01
    4.2750	 1.1218E-01	 3.5511E-01
    4.2800	 1.1218E-01	 3.5511E-01
    4.2850	 1.1218E-01	 3.5511E-01
    4.2900	 1.1218E-01	 3.5511E-01
    4.2950	 1.1218E-01	 3.5511E-01
    4.3000	 1.1218E-01	 3.5511E-01
    4.3050	 1.1218E-01	 3.5511E-01
    4.3100	 1.1218E-01	 3.5511E-01
    4.3150	 1.1218E-01	 3.5511E-01
    4.3200	 1.1218E-01	 3.5511E-01
    4.3250	 1.1218E-01	 3.5511E-01
    4.3300	 1.1218E-01	 3.5511E-01
    4.3350	 1.1218E-01	 3.5511E-01
    4.3400	 1.1218E-01	 3.5511E-01
    4.3450	 1.1218E-01	 3.5511E-01
    4.3500	 1.1218E-01	 3.5511E-01
    4.3550	 1.1218E-01	 3.5511E-01
    4.3600	 1.1218E-01	 3.5511E-01
    4.3650	 1.1218E-01	 3.5511E-01
    4.3700	 1.1218E-01	 3.5511E-01
    4.3750	 1.1218E-01	 3.5511E-01
    4.3800	 1.1218E-01	 3.5511E-01
    4.3850	 1.1218E-01	 3.5511E-01
    4.3900	 1.1218E-01	 3.5511E-01
    4.3950	 1.1218E-01	 3.5511E-01
    4.4000	 1.1218E-01	 3.5511E-01
    4.4050	 1.1218E-01	 3.5511E-01
    4.4100	 1.1218E-01	 3.5511E-01
    4.4150	 1.1218E-01	 3.5511E-01
    4.4200	 1.1218E-01	 3.5511E-01
    4.4250	 1.1218E-01	 3.5511E-01
    4.4300	 1.1218E-01	 3.5511E-01
    4.4350	 1.1218E-01	 3.5511E-01
    4.4400	 1.1218E-01	 3.5511E-01
    4.4450	 1.1218E-01	 3.5511E-01
    4.4500	 1.1218E-01	 3.5511E-01
    4.4550	 1.1218E-01	 3.5511E-01
    4.4600	 1.1218E-01	 3.5511E-01
    4.4650	 1.1218E-01	 3.5511E-01
    4.4700	 1.1218E-01	 3.5511E-01
    4.4750	 1.1218E-01	 3.5511E-01
    4.4800	 1.1218E-01	 3.5511E-01
    4.4850	 1.1218E-01	 3.5511E-01
    4.4900	 1.1218E-01	 3.5511E-01
    4.4950	 1.1218E-01	 3.5511E-01
    4.5000	 1.1218E-01	 3.5511E-01
    4.5050	 1.1218E-01	 3.5511E-01
    4.5100	 1.1218E-01	 3.5511E-01
    4.5150	 1.1218E-01	 3.5511E-01
    4.5200	 1.1218E-01	 3.5511E-01
    4.5250	 1.1218E-01	 3.5511E-01
    4.5300	 1.1218E-01	 3.5511E-01
    4.5350	 1.1218E-01	 3.5511E-01
    4.5400	 1.1218E-01	 3.5511E-01
    4.5450	 1.1218E-01	 3.5511E-01
    4.5500	 1.1218E-01	 3.5511E-01
    4.5550	 1.1218E-01	 3.5511E-01
    4.5600	 1.1218E-01	 3.5511E-01
    4.5650	 1.1218E-01	 3.5511E-01
    4.5700	 1.1218E-01	 3.5511E-01
    4.5750	 1.1218E-01	 3.5511E-01
    4.5800	 1.1218E-01	 3.5511E-01
    4.5850	 1.1218E-01	 3.5511E-01
    4.5900	 1.1218E-01	 3.5511E-01
    4.5950	 1.1218E-01	 3.5511E-01
    4.6000	 1.1218E-01	 3.5511E-01
    4.6050	 1.1218E-01	 3.5511E-01
    4.6100	 1.1218E-01	 3.5511E-01
    4.6150	 1.1218E-01	 3.5511E-01
    4.6200	 1.1218E-01	 3.5511E-01
    4.6250	 1.1218E-01	 3.5511E-01
    4.6300	 1.1218E-01	 3.5511E-01
    4.6350	 1.1218E-01	 3.5511E-01
    4.6400	 1.1218E-01	 3.5511E-01
    4.6450	 1.1218E-01	 3.5511E-01
    4.6500	 1.1218E-01	 3.5511E-01
    4.6550	 1.1218E-01	 3.5511E-01
    4.6600	 1.1218E-01	 3.5511E-01
    4.6650	 1.1218E-01	 3.5511E-01
    4.6700	 1.1218E-01	 3.5511E-01
    4.6750	 1.1218E-01	 3.5511E-01
    4.6800	 1.1218E-01	 3.5511E-01
    4.6850	 1.1218E-01	 3.5511E-01
    4.6900	 1.1218E-01	 3.5511E-01
    4.6950	 1.1218E-01	 3.5511E-01
    4.7000	 1.1218E-01	 3.5511E-01
    4.7050	 1.1218E-01	 3.5511E-01
    4.7100	 1.1218E-01	 3.5511E-01
    4.7150	 1.1218E-01	 3.5511E-01
    4.7200	 1.1218E-01	 3.5511E-01
    4.7250	 1.1218E-01	 3.5511E-01
    4.7300	 1.1218E-01	 3.5511E-01
    4.7350	 1.1218E-01	 3.5511E-01
    4.7400	 1.1218E-01	 3.5511E-01
    4.7450	 1.1218E-01	 3.5511E-01
    4.7500	 1.1218E-01	 3.5511E-01
    4.7550	 1.1218E-01	 3.5511E-01
    4.7600	 1.1218E-01	 3.5511E-01
    4.7650	 1.1218E-01	 3.5511E-01
    4.7700	 1.1218E-01	 3.5511E-01
    4.7750	 1.1218E-01	 3.5511E-01
    4.7800	 1.1218E-01	 3.5511E-01
    4.7850	 1.1218E-01	 3.5511E-01
    4.7900	 1.1218E-01	 3.5511E-01
    4.7950	 1.1218E-01	 3.5511E-01
    4.8000	 1.1218E-01	 3.5511E-01
    4.8050	 1.1218E-01	 3.5511E-01
    4.8100	 1.1218E-01	 3.5511E-01
    4.8150	 1.1218E-01	 3.5511E-01
    4.8200	 1.1218E-01	 3.5511E-01
    4.8250	 1.1218E-01	 3.5511E-01
    4.8300	 1.1218E-01	 3.5511E-01
    4.8350	 1.1218E-01	 3.5511E-01
    4.8400	 1.1218E-01	 3.5511E-01
    4.8450	 1.1218E-01	 3.5511E-01
    4.8500	 1.1218E-01	 3.5511E-01
    4.8550	 1.1218E-01	 3.5511E-01
    4.8600	 1.1218E-01	 3.5511E-01
    4.8650	 1.1218E-01	 3.5511E-01
    4.8700	 1.1218E-01	 3.5511E-01
    4.8750	 1.1218E-01	 3.5511E-01
    4.8800	 1.1218E-01	 3.5511E-01
    4.8850	 1.1218E-01	 3.5511E-01
    4.8900	 1.1218E-01	 3.5511E-01
    4.8950	 1.1218E-01	 3.5511E-01
    4.9000	 1.1218E-01	 3.5511E-01
    4.9050	 1.1218E-01	 3.5511E-01
    4.9100	 1.1218E-01	 3.5511E-01
    4.9150	 1.1218E-01	 3.5511E-01
    4.9200	 1.1218E-01	 3.5511E-01
    4.9250	 1.1218E-01	 3.5511E-01
    4.9300	 1.1218E-01	 3.5511E-01
    4.9350	 1.1218E-01	 3.5511E-01
    4.9400	 1.1218E-01	 3.5511E-01
    4.9450	 1.1218E-01	 3.5511E-01
    4.9500	 1.1218E-01	 3.5511E-01
    4.9550	 1.1218E-01	 3.5511E-01
    4.9600	 1.1218E-01	 3.5511E-01
    4.9650	 1.1218E-01	 3.5511E-01
    4.9700	 1.1218E-01	 3.5511E-01
    4.9750	 1.1218E-01	 3.5511E-01
    4.9800	 1.1218E-01	 3.5511E-01
    4.9850	 1.1218E-01	 3.5511E-01
    4.9900	 1.1218E-01	 3.5511E-01
    4.9950	 1.1218E-01	 3.5511E-01
    5.0000	 1.1218E-01	 3.5511E-01
    5.0050	 1.1218E-01	 3.5511E-01
    5.0100	 1.1218E-01	 3.5511E-01
    5.0150	 1.1218E-01	 3.5511E-01
    5.0200	 1.1218E-01	 3.5511E-01
    5.0250	 1.1218E-01	 3.5511E-01
    5.0300	 1.1218E-01	 3.5511E-01
    5.0350	 1.1218E-01	 3.5511E-01
    5.0400	 1.1218E-01	 3.5511E-01
    5.0450	 1.1218E-01	 3.5511E-01
    5.0500	 1.1218E-01	 3.5511E-01
    5.0550	 1.1218E-01	 3.5511E-01
    5.0600	 1.1218E-01	 3.5511E-01
    5.0650	 1.1218E-01	 3.5511E-01
    5.0700	 1.1218E-01	 3.5511E-01
    5.0750	 1.1218E-01	 3.5511E-01
    5.0800	 1.1218E-01	 3.5511E-01
    5.0850	 1.1218E-01	 3.5511E-01
    5.0900	 1.1218E-01	 3.5511E-01
    5.0950	 1.1218E-01	 3.5511E-01
    5.1000	 1.1218E-01	 3.5511E-01
    5.1050	 1.1218E-01	 3.5511E-01
    5.1100	 1.1218E-01	 3.5511E-01
    5.1150	 1.1218E-01	 3.5511E-01
    5.1200	 1.1218E-01	 3.5511E-01
    5.1250	 1.1218E-01	 3.5511E-01
    5.1300	 1.1218E-01	 3.5511E-01
    5.1350	 1.1218E-01	 3.5511E-01
    5.1400	 1.1218E-01	 3.5511E-01
    5.1450	 1.1218E-01	 3.5511E-01
    5.1500	 1.1218E-01	 3.5511E-01
    5.1550	 1.1218E-01	 3.5511E-01
    5.1600	 1.1218E-01	 3.5511E-01
    5.1650	 1.1218E-01	 3.5511E-01
    5.1700	 1.1218E-01	 3.5511E-01
    5.1750	 1.1218E-01	 3.5511E-01
    5.1800	 1.1218E-01	 3.5511E-01
    5.1850	 1.1218E-01	 3.5511E-01
    5.1900	 1.1218E-01	 3.5511E-01
    5.1950	 1.1218E-01	 3.5511E-01
    5.2000	 1.1218E-01	 3.5511E-01
    5.2050	 1.1218E-01	 3.5511E-01
    5.2100	 1.1218E-01	 3.5511E-01
    5.2150	 1.1218E-01	 3.5511E-01
    5.2200	 1.1218E-01	 3.5511E-01
    5.2250	 1.1218E-01	 3.5511E-01
    5.2300	 1.1218E-01	 3.5511E-01
    5.2350	 1.1218E-01	 3.5511E-01
    5.2400	 1.1218E-01	 3.5511E-01
    5.2450	 1.1218E-01	 3.5511E-01
    5.2500	 1.1218E-01	 3.5511E-01
    5.2550	 1.1218E-01	 3.5511E-01
    5.2600	 1.1218E-01	 3.5511E-01
    5.2650	 1.1218E-01	 3.5511E-01
    5.2700	 1.1218E-01	 3.5511E-01
    5.2750	 1.1218E-01	 3.5511E-01
    5.2800	 1.1218E-01	 3.5511E-01
    5.2850	 1.1218E-01	 3.5511E-01
    5.2900	 1.1218E-01	 3.5511E-01
    5.2950	 1.1218E-01	 3.5511E-01
    5.3000	 1.1218E-01	 3.5511E-01
    5.3050	 1.1218E-01	 3.5511E-01
    5.3100	 1.1218E-01	 3.5511E-01
    5.3150	 1.1218E-01	 3.5511E-01
    5.3200	 1.1218E-01	 3.5511E-01
    5.3250	 1.1218E-01	 3.5511E-01
    5.3300	 1.1218E-01	 3.5511E-01
    5.3350	 1.1218E-01	 3.5511E-01
    5.3400	 1.1218E-01	 3.5511E-01
    5.3450	 1.1218E-01	 3.5511E-01
    5.3500	 1.1218E-01	 3.5511E-01
    5.3550	 1.1218E-01	 3.5511E-01
    5.3600	 1.1218E-01	 3.5511E-01
    5.3650	 1.1218E-01	 3.5511E-01
    5.3700	 1.1218E-01	 3.5511E-01
    5.3750	 1.1218E-01	 3.5511E-01
    5.3800	 1.1218E-01	 3.5511E-01
    5.3850	 1.1218E-01	 3.5511E-01
    5.3900	 1.1218E-01	 3.5511E-01
    5.3950	 1.1218E-01	 3.5511E-01
    5.4000	 1.1218E-01	 3.5511E-01
    5.4050	 1.1218E-01	 3.5511E-01
    5.4100	 1.1218E-01	 3.5511E-01
    5.4150	 1.1218E-01	 3.5511E-01
    5.4200	 1.1218E-01	 3.5511E-01
    5.4250	 1.1218E-01	 3.5511E-01
    5.4300	 1.1218E-01	 3.5511E-01
    5.4350	 1.1218E-01	 3.5511E-01
    5.4400	 1.1218E-01	 3.5511E-01
    5.4450	 1.1218E-01	 3.5511E-01
    5.4500	 1.1218E-01	 3.5511E-01
    5.4550	 1.1218E-01	 3.5511E-01
    5.4600	 1.1218E-01	 3.5511E-01
    5.4650	 1.1218E-01	 3.5511E-01
    5.4700	 1.1218E-01	 3.5511E-01
    5.4750	 1.1218E-01	 3.5511E-01
    5.4800	 1.1218E-01	 3.5511E-01
    5.4850	 1.1218E-01	 3.5511E-01
    5.4900	 1.1218E-01	 3.5511E-01
    5.4950	 1.1218E-01	 3.5511E-01
    5.5000	 1.1218E-01	 3.5511E-01
    5.5050	 1.1218E-01	 3.5511E-01
    5.5100	 1.1218E-01	 3.5511E-01
    5.5150	 1.1218E-01	 3.5511E-01
    5.5200	 1.1218E-01	 3.5511E-01
    5.5250	 1.1218E-01	 3.5511E-01
    5.5300	 1.1218E-01	 3.5511E-01
    5.5350	 1.1218E-01	 3.5511E-01
    5.5400	 1.1218E-01	 3.5511E-01
    5.5450	 1.1218E-01	 3.5511E-01
    5.5500	 1.1218E-01	 3.5511E-01
    5.5550	 1.1218E-01	 3.5511E-01
    5.5600	 1.1218E-01	 3.5511E-01
    5.5650	 1.1218E-01	 3.5511E-01
    5.5700	 1.1218E-01	 3.5511E-01
    5.5750	 1.1218E-01	 3.5511E-01
    5.5800	 1.1218E-01	 3.5511E-01
    5.5850	 1.1218E-01	 3.5511E-01
    5.5900	 1.1218E-01	 3.5511E-01
    5.5950	 1.1218E-01	 3.5511E-01
    5.6000	 1.1218E-01	 3.5511E-01
    5.6050	 1.1218E-01	 3.5511E-01
    5.6100	 1.1218E-01	 3.5511E-01
    5.6150	 1.1218E-01	 3.5511E-01
    5.6200	 1.1218E-01	 3.5511E-01
    5.6250	 1.1218E-01	 3.5511E-01
    5.6300	 1.1218E-01	 3.5511E-01
    5.6350	 1.1218E-01	 3.5511E-01
    5.6400	 1.1218E-01	 3.5511E-01
    5.6450	 1.1218E-01	 3.5511E-01
    5.6500	 1.1218E-01	 3.5511E-01
    5.6550	 1.1218E-01	 3.5511E-01
    5.6600	 1.1218E-01	 3.5511E-01
    5.6650	 1.1218E-01	 3.5511E-01
    5.6700	 1.1218E-01	 3.5511E-01
    5.6750	 1.1218E-01	 3.5511E-01
    5.6800	 1.1218E-01	 3.5511E-01
    5.6850	 1.1218E-01	 3.5511E-01
    5.6900	 1.1218E-01	 3.5511E-01
    5.6950	 1.1218E-01	 3.5511E-01
    5.7000	 1.1218E-01	 3.5511E-01
    5.7050	 1.1218E-01	 3.5511E-01
    5.7100	 1.1218E-01	 3.5511E-01
    5.7150	 1.1218E-01	 3.5511E-01
    5.7200	 1.1218E-01	 3.5511E-01
    5.7250	 1.1218E-01	 3.5511E-01
    5.7300	 1.1218E-01	 3.5511E-01
    5.7350	 1.1218E-01	 3.5511E-01
    5.7400	 1.1218E-01	 3.5511E-01
    5.7450	 1.1218E-01	 3.5511E-01
    5.7500	 1.1218E-01	 3.5511E-01
    5.7550	 1.1218E-01	 3.5511E-01
    5.7600	 1.1218E-01	 3.5511E-01
    5.7650	 1.1218E-01	 3.5511E-01
    5.7700	 1.1218E-01	 3.5511E-01
    5.7750	 1.1218E-01	 3.5511E-01
    5.7800	 1.1218E-01	 3.5511E-01
    5.7850	 1.1218E-01	 3.5511E-01
    5.7900	 1.1218E-01	 3.5511E-01
    5.7950	 1.1218E-01	 3.5511E-01
    5.8000	 1.1218E-01	 3.5511E-01
    5.8050	 1.1218E-01	 3.5511E-01
    5.8100	 1.1218E-01	 3.5511E-01
    5.8150	 1.1218E-01	 3.5511E-01
    5.8200	 1.1218E-01	 3.5511E-01
    5.8250	 1.1218E-01	 3.5511E-01
    5.8300	 1.1218E-01	 3.5511E-01
    5.8350	 1.1218E-01	 3.5511E-01
    5.8400	 1.1218E-01	 3.5511E-01
    5.8450	 1.1218E-01	 3.5511E-01
    5.8500	 1.1218E-01	 3.5511E-01
    5.8550	 1.1218E-01	 3.5511E-01
    5.8600	 1.1218E-01	 3.5511E-01
    5.8650	 1.1218E-01	 3.5511E-01
    5.8700	 1.1218E-01	 3.5511E-01
    5.8750	 1.1218E-01	 3.5511E-01
    5.8800	 1.1218E-01	 3.5511E-01
    5.8850	 1.1218E-01	 3.5511E-01
    5.8900	 1.1218E-01	 3.5511E-01
    5.8950	 1.1218E-01	 3.5511E-01
    5.9000	 1.1218E-01	 3.5511E-01
    5.9050	 1.1218E-01	 3.5511E-01
    5.9100	 1.1218E-01	 3.5511E-01
    5.9150	 1.1218E-01	 3.5511E-01
    5.9200	 1.1218E-01	 3.5511E-01
    5.9250	 1.1218E-01	 3.5511E-01
    5.9300	 1.1218E-01	 3.5511E-01
    5.9350	 1.1218E-01	 3.5511E-01
    5.9400	 1.1218E-01	 3.5511E-01
    5.9450	 1.1218E-01	 3.5511E-01
    5.9500	 1.1218E-01	 3.5511E-01
    5.9550	 1.1218E-01	 3.5511E-01
    5.9600	 1.1218E-01	 3.5511E-01
    5.9650	 1.1218E-01	 3.5511E-01
    5.9700	 1.1218E-01	 3.5511E-01
    5.9750	 1.1218E-01	 3.5511E-01
    5.9800	 1.1218E-01	 3.5511E-01
    5.9850	 1.1218E-01	 3.5511E-01
    5.9900	 1.1218E-01	 3.5511E-01
    5.9950	 1.1218E-01	 3.5511E-01
    6.0000	 1.1218E-01	 3.5511E-01
    6.0050	 1.1218E-01	 3.5511E-01
    6.0100	 1.1218E-01	 3.5511E-01
    6.0150	 1.1218E-01	 3.5511E-01
    6.0200	 1.1218E-01	 3.5511E-01
    6.0250	 1.1218E-01	 3.5511E-01
    6.0300	 1.1218E-01	 3.5511E-01
    6.0350	 1.1218E-01	 3.5511E-01
    6.0400	 1.1218E-01	 3.5511E-01
    6.0450	 1.1218E-01	 3.5511E-01
    6.0500	 1.1218E-01	 3.5511E-01
    6.0550	 1.1218E-01	 3.5511E-01
    6.0600	 1.1218E-01	 3.5511E-01
    6.0650	 1.1218E-01	 3.5511E-01
    6.0700	 1.1218E-01	 3.5511E-01
    6.0750	 1.1218E-01	 3.5511E-01
    6.0800	 1.1218E-01	 3.5511E-01
    6.0850	 1.1218E-01	 3.5511E-01
    6.0900	 1.1218E-01	 3.5511E-01
    6.0950	 1.1218E-01	 3.5511E-01
    6.1000	 1.1218E-01	 3.5511E-01
    6.1050	 1.1218E-01	 3.5511E-01
    6.1100	 1.1218E-01	 3.5511E-01
    6.1150	 1.1218E-01	 3.5511E-01
    6.1200	 1.1218E-01	 3.5511E-01
    6.1250	 1.1218E-01	 3.5511E-01
    6.1300	 1.1218E-01	 3.5511E-01
    6.1350	 1.1218E-01	 3.5511E-01
    6.1400	 1.1218E-01	 3.5511E-01
    6.1450	 1.1218E-01	 3.5511E-01
    6.1500	 1.1218E-01	 3.5511E-01
    6.1550	 1.1218E-01	 3.5511E-01
    6.1600	 1.1218E-01	 3.5511E-01
    6.1650	 1.1218E-01	 3.5511E-01
    6.1700	 1.1218E-01	 3.5511E-01
    6.1750	 1.1218E-01	 3.5511E-01
    6.1800	 1.1218E-01	 3.5511E-01
    6.1850	 1.1218E-01	 3.5511E-01
    6.1900	 1.1218E-01	 3.5511E-01
    6.1950	 1.1218E-01	 3.5511E-01
    6.2000	 1.1218E-01	 3.5511E-01
    6.2050	 1.1218E-01	 3.5511E-01
    6.2100	 1.1218E-01	 3.5511E-01
    6.2150	 1.1218E-01	 3.5511E-01
    6.2200	 1.1218E-01	 3.5511E-01
    6.2250	 1.1218E-01	 3.5511E-01
    6.2300	 1.1218E-01	 3.5511E-01
    6.2350	 1.1218E-01	 3.5511E-01
    6.2400	 1.1218E-01	 3.5511E-01
    6.2450	 1.1218E-01	 3.5511E-01
    6.2500	 1.1218E-01	 3.5511E-01
    6.2550	 1.1218E-01	 3.5511E-01
    6.2600	 1.1218E-01	 3.5511E-01
    6.2650	 1.1218E-01	 3.5511E-01
    6.2700	 1.1218E-01	 3.5511E-01
    6.2750	 1.1218E-01	 3.5511E-01
    6.2800	 1.1218E-01	 3.5511E-01
    6.2850	 1.1218E-01	 3.5511E-01
    6.2900	 1.1218E-01	 3.5511E-01
    6.2950	 1.1218E-01	 3.5511E-01
    6.3000	 1.1218E-01	 3.5511E-01
    6.3050	 1.1218E-01	 3.5511E-01
    6.3100	 1.1218E-01	 3.5511E-01
    6.3150	 1.1218E-01	 3.5511E-01
    6.3200	 1.1218E-01	 3.5511E-01
    6.3250	 1.1218E-01	 3.5511E-01
    6.3300	 1.1218E-01	 3.5511E-01
    6.3350	 1.1218E-01	 3.5511E-01
    6.3400	 1.1218E-01	 3.5511E-01
    6.3450	 1.1218E-01	 3.5511E-01
    6.3500	 1.1218E-01	 3.5511E-01
    6.3550	 1.1218E-01	 3.5511E-01
    6.3600	 1.1218E-01	 3.5511E-01
    6.3650	 1.1218E-01	 3.5511E-01
    6.3700	 1.1218E-01	 3.5511E-01
    6.3750	 1.1218E-01	 3.5511E-01
    6.3800	 1.1218E-01	 3.5511E-01
    6.3850	 1.1218E-01	 3.5511E-01
    6.3900	 1.1218E-01	 3.5511E-01
    6.3950	 1.1218E-01	 3.5511E-01
    6.4000	 1.1218E-01	 3.5511E-01
    6.4050	 1.1218E-01	 3.5511E-01
    6.4100	 1.1218E-01	 3.5511E-01
    6.4150	 1.1218E-01	 3.5511E-01
    6.4200	 1.1218E-01	 3.5511E-01
    6.4250	 1.1218E-01	 3.5511E-01
    6.4300	 1.1218E-01	 3.5511E-01
    6.4350	 1.1218E-01	 3.5511E-01
    6.4400	 1.1218E-01	 3.5511E-01
    6.4450	 1.1218E-01	 3.5511E-01
    6.4500	 1.1218E-01	 3.5511E-01
    6.4550	 1.1218E-01	 3.5511E-01
    6.4600	 1.1218E-01	 3.5511E-01
    6.4650	 1.1218E-01	 3.5511E-01
    6.4700	 1.1218E-01	 3.5511E-01
    6.4750	 1.1218E-01	 3.5511E-01
    6.4800	 1.1218E-01	 3.5511E-01
    6.4850	 1.1218E-01	 3.5511E-01
    6.4900	 1.1218E-01	 3.5511E-01
    6.4950	 1.1218E-01	 3.5511E-01
    6.5000	 1.1218E-01	 3.5511E-01
    6.5050	 1.1218E-01	 3.5511E-01
    6.5100	 1.1218E-01	 3.5511E-01
    6.5150	 1.1218E-01	 3.5511E-01
    6.5200	 1.1218E-01	 3.5511E-01
    6.5250	 1.1218E-01	 3.5511E-01
    6.5300	 1.1218E-01	 3.5511E-01
    6.5350	 1.1218E-01	 3.5511E-01
    6.5400	 1.1218E-01	 3.5511E-01
    6.5450	 1.1218E-01	 3.5511E-01
    6.5500	 1.1218E-01	 3.5511E-01
    6.5550	 1.1218E-01	 3.5511E-01
    6.5600	 1.1218E-01	 3.5511E-01
    6.5650	 1.1218E-01	 3.5511E-01
    6.5700	 1.1218E-01	 3.5511E-01
    6.5750	 1.1218E-01	 3.5511E-01
    6.5800	 1.1218E-01	 3.5511E-01
    6.5850	 1.1218E-01	 3.5511E-01
    6.5900	 1.1218E-01	 3.5511E-01
    6.5950	 1.1218E-01	 3.5511E-01
    6.6000	 1.1218E-01	 3.5511E-01
    6.6050	 1.1218E-01	 3.5511E-01
    6.6100	 1.1218E-01	 3.5511E-01
    6.6150	 1.1218E-01	 3.5511E-01
    6.6200	 1.1218E-01	 3.5511E-01
    6.6250	 1.1218E-01	 3.5511E-01
    6.6300	 1.1218E-01	 3.5511E-01
    6.6350	 1.1218E-01	 3.5511E-01
    6.6400	 1.1218E-01	 3.5511E-01
    6.6450	 1.1218E-01	 3.5511E-01
    6.6500	 1.1218E-01	 3.5511E-01
    6.6550	 1.1218E-01	 3.5511E-01
    6.6600	 1.1218E-01	 3.5511E-01
    6.6650	 1.1218E-01	 3.5511E-01
    6.6700	 1.1218E-01	 3.5511E-01
    6.6750	 1.1218E-01	 3.5511E-01
    6.6800	 1.1218E-01	 3.5511E-01
    6.6850	 1.1218E-01	 3.5511E-01
    6.6900	 1.1218E-01	 3.5511E-01
    6.6950	 1.1218E-01	 3.5511E-01
    6.7000	 1.1218E-01	 3.5511E-01
    6.7050	 1.1218E-01	 3.5511E-01
    6.7100	 1.1218E-01	 3.5511E-01
    6.7150	 1.1218E-01	 3.5511E-01
    6.7200	 1.1218E-01	 3.5511E-01
    6.7250	 1.1218E-01	 3.5511E-01
    6.7300	 1.1218E-01	 3.5511E-01
    6.7350	 1.1218E-01	 3.5511E-01
    6.7400	 1.1218E-01	 3.5511E-01
    6.7450	 1.1218E-01	 3.5511E-01
    6.7500	 1.1218E-01	 3.5511E-01
    6.7550	 1.1218E-01	 3.5511E-01
    6.7600	 1.1218E-01	 3.5511E-01
    6.7650	 1.1218E-01	 3.5511E-01
    6.7700	 1.1218E-01	 3.5511E-01
    6.7750	 1.1218E-01	 3.5511E-01
    6.7800	 1.1218E-01	 3.5511E-01
    6.7850	 1.1218E-01	 3.5511E-01
    6.7900	 1.1218E-01	 3.5511E-01
    6.7950	 1.1218E-01	 3.5511E-01
    6.8000	 1.1218E-01	 3.5511E-01
    6.8050	 1.1218E-01	 3.5511E-01
    6.8100	 1.1218E-01	 3.5511E-01
    6.8150	 1.1218E-01	 3.5511E-01
    6.8200	 1.1218E-01	 3.5511E-01
    6.8250	 1.1218E-01	 3.5511E-01
    6.8300	 1.1218E-01	 3.5511E-01
    6.8350	 1.1218E-01	 3.5511E-01
    6.8400	 1.1218E-01	 3.5511E-01
    6.8450	 1.1218E-01	 3.5511E-01
    6.8500	 1.1218E-01	 3.5511E-01
    6.8550	 1.1218E-01	 3.5511E-01
    6.8600	 1.1218E-01	 3.5511E-01
    6.8650	 1.1218E-01	 3.5511E-01
    6.8700	 1.1218E-01	 3.5511E-01
    6.8750	 1.1218E-01	 3.5511E-01
    6.8800	 1.1218E-01	 3.5511E-01
    6.8850	 1.1218E-01	 3.5511E-01
    6.8900	 1.1218E-01	 3.5511E-01
    6.8950	 1.1218E-01	 3.5511E-01
    6.9000	 1.1218E-01	 3.5511E-01
    6.9050	 1.1218E-01	 3.5511E-01
    6.9100	 1.1218E-01	 3.5511E-01
    6.9150	 1.1218E-01	 3.5511E-01
    6.9200	 1.1218E-01	 3.5511E-01
    6.9250	 1.1218E-01	 3.5511E-01
    6.9300	 1.1218E-01	 3.5511E-01
    6.9350	 1.1218E-01	 3.5511E-01
    6.9400	 1.1218E-01	 3.5511E-01
    6.9450	 1.1218E-01	 3.5511E-01
    6.9500	 1.1218E-01	 3.5511E-01
    6.9550	 1.1218E-01	 3.5511E-01
    6.9600	 1.1218E-01	 3.5511E-01
    6.9650	 1.1218E-01	 3.5511E-01
    6.9700	 1.1218E-01	 3.5511E-01
    6.9750	 1.1218E-01	 3.5511E-01
    6.9800	 1.1218E-01	 3.5511E-01
    6.9850	 1.1218E-01	 3.5511E-01
    6.9900	 1.1218E-01	 3.5511E-01
    6.9950	 1.1218E-01	 3.5511E-01
    7.0000	 1.1218E-01	 3.5511E-01
    7.0050	 1.1218E-01	 3.5511E-01
    7.0100	 1.1218E-01	 3.5511E-01
    7.0150	 1.1218E-01	 3.5511E-01
    7.0200	 1.1218E-01	 3.5511E-01
    7.0250	 1.1218E-01	 3.5511E-01
    7.0300	 1.1218E-01	 3.5511E-01
    7.0350	 1.1218E-01	 3.5511E-01
    7.0400	 1.1218E-01	 3.5511E-01
    7.0450	 1.1218E-01	 3.5511E-01
    7.0500	 1.1218E-01	 3.5511E-01
    7.0550	 1.1218E-01	 3.5511E-01
    7.0600	 1.1218E-01	 3.5511E-01
    7.0650	 1.1218E-01	 3.5511E-01
    7.0700	 1.1218E-01	 3.5511E-01
    7.0750	 1.1218E-01	 3.5511E-01
    7.0800	 1.1218E-01	 3.5511E-01
    7.0850	 1.1218E-01	 3.5511E-01
    7.0900	 1.1218E-01	 3.5511E-01
    7.0950	 1.1218E-01	 3.5511E-01
    7.1000	 1.1218E-01	 3.5511E-01
    7.1050	 1.1218E-01	 3.5511E-01
    7.1100	 1.1218E-01	 3.5511E-01
    7.1150	 1.1218E-01	 3.5511E-01
    7.1200	 1.1218E-01	 3.5511E-01
    7.1250	 1.1218E-01	 3.5511E-01
    7.1300	 1.1218E-01	 3.5511E-01
    7.1350	 1.1218E-01	 3.5511E-01
    7.1400	 1.1218E-01	 3.5511E-01
    7.1450	 1.1218E-01	 3.5511E-01
    7.1500	 1.1218E-01	 3.5511E-01
    7.1550	 1.1218E-01	 3.5511E-01
    7.1600	 1.1218E-01	 3.5511E-01
    7.1650	 1.1218E-01	 3.5511E-01
    7.1700	 1.1218E-01	 3.5511E-01
    7.1750	 1.1218E-01	 3.5511E-01
    7.1800	 1.1218E-01	 3.5511E-01
    7.1850	 1.1218E-01	 3.5511E-01
    7.1900	 1.1218E-01	 3.5511E-01
    7.1950	 1.1218E-01	 3.5511E-01
    7.2000	 1.1218E-01	 3.5511E-01
    7.2050	 1.1218E-01	 3.5511E-01
    7.2100	 1.1218E-01	 3.5511E-01
    7.2150	 1.1218E-01	 3.5511E-01
    7.2200	 1.1218E-01	 3.5511E-01
    7.2250	 1.1218E-01	 3.5511E-01
    7.2300	 1.1218E-01	 3.5511E-01
    7.2350	 1.1218E-01	 3.5511E-01
    7.2400	 1.1218E-01	 3.5511E-01
    7.2450	 1.1218E-01	 3.5511E-01
    7.2500	 1.1218E-01	 3.5511E-01
    7.2550	 1.1218E-01	 3.5511E-01
    7.2600	 1.1218E-01	 3.5511E-01
    7.2650	 1.1218E-01	 3.5511E-01
    7.2700	 1.1218E-01	 3.5511E-01
    7.2750	 1.1218E-01	 3.5511E-01
    7.2800	 1.1218E-01	 3.5511E-01
    7.2850	 1.1218E-01	 3.5511E-01
    7.2900	 1.1218E-01	 3.5511E-01
    7.2950	 1.1218E-01	 3.5511E-01
    7.3000	 1.1218E-01	 3.5511E-01
    7.3050	 1.1218E-01	 3.5511E-01
    7.3100	 1.1218E-01	 3.5511E-01
    7.3150	 1.1218E-01	 3.5511E-01
    7.3200	 1.1218E-01	 3.5511E-01
    7.3250	 1.1218E-01	 3.5511E-01
    7.3300	 1.1218E-01	 3.5511E-01
    7.3350	 1.1218E-01	 3.5511E-01
    7.3400	 1.1218E-01	 3.5511E-01
    7.3450	 1.1218E-01	 3.5511E-01
    7.3500	 1.1218E-01	 3.5511E-01
    7.3550	 1.1218E-01	 3.5511E-01
    7.3600	 1.1218E-01	 3.5511E-01
    7.3650	 1.1218E-01	 3.5511E-01
    7.3700	 1.1218E-01	 3.5511E-01
    7.3750	 1.1218E-01	 3.5511E-01
    7.3800	 1.1218E-01	 3.5511E-01
    7.3850	 1.1218E-01	 3.5511E-01
    7.3900	 1.1218E-01	 3.5511E-01
    7.3950	 1.1218E-01	 3.5511E-01
    7.4000	 1.1218E-01	 3.5511E-01
    7.4050	 1.1218E-01	 3.5511E-01
    7.4100	 1.1218E-01	 3.5511E-01
    7.4150	 1.1218E-01	 3.5511E-01
    7.4200	 1.1218E-01	 3.5511E-01
    7.4250	 1.1218E-01	 3.5511E-01
    7.4300	 1.1218E-01	 3.5511E-01
    7.4350	 1.1218E-01	 3.5511E-01
    7.4400	 1.1218E-01	 3.5511E-01
    7.4450	 1.1218E-01	 3.5511E-01
    7.4500	 1.1218E-01	 3.5511E-01
    7.4550	 1.1218E-01	 3.5511E-01
    7.4600	 1.1218E-01	 3.5511E-01
    7.4650	 1.1218E-01	 3.5511E-01
    7.4700	 1.1218E-01	 3.5511E-01
    7.4750	 1.1218E-01	 3.5511E-01
    7.4800	 1.1218E-01	 3.5511E-01
    7.4850	 1.1218E-01	 3.5511E-01
    7.4900	 1.1218E-01	 3.5511E-01
    7.4950	 1.1218E-01	 3.5511E-01
    7.5000	 1.1218E-01	 3.5511E-01
    7.5050	 1.1218E-01	 3.5511E-01
    7.5100	 1.1218E-01	 3.5511E-01
    7.5150	 1.1218E-01	 3.5511E-01
    7.5200	 1.1218E-01	 3.5511E-01
    7.5250	 1.1218E-01	 3.5511E-01
    7.5300	 1.1218E-01	 3.5511E-01
    7.5350	 1.1218E-01	 3.5511E-01
    7.5400	 1.1218E-01	 3.5511E-01
    7.5450	 1.1218E-01	 3.5511E-01
    7.5500	 1.1218E-01	 3.5511E-01
    7.5550	 1.1218E-01	 3.5511E-01
    7.5600	 1.1218E-01	 3.5511E-01
    7.5650	 1.1218E-01	 3.5511E-01
    7.5700	 1.1218E-01	 3.5511E-01
    7.5750	 1.1218E-01	 3.5511E-01
    7.5800	 1.1218E-01	 3.5511E-01
    7.5850	 1.1218E-01	 3.5511E-01
    7.5900	 1.1218E-01	 3.5511E-01
    7.5950	 1.1218E-01	 3.5511E-01
    7.6000	 1.1218E-01	 3.5511E-01
    7.6050	 1.1218E-01	 3.5511E-01
    7.6100	 1.1218E-01	 3.5511E-01
    7.6150	 1.1218E-01	 3.5511E-01
    7.6200	 1.1218E-01	 3.5511E-01
    7.6250	 1.1218E-01	 3.5511E-01
    7.6300	 1.1218E-01	 3.5511E-01
    7.6350	 1.1218E-01	 3.5511E-01
    7.6400	 1.1218E-01	 3.5511E-01
    7.6450	 1.1218E-01	 3.5511E-01
    7.6500	 1.1218E-01	 3.5511E-01
    7.6550	 1.1218E-01	 3.5511E-01
    7.6600	 1.1218E-01	 3.5511E-01
    7.6650	 1.1218E-01	 3.5511E-01
    7.6700	 1.1218E-01	 3.5511E-01
    7.6750	 1.1218E-01	 3.5511E-01
    7.6800	 1.1218E-01	 3.5511E-01
    7.6850	 1.1218E-01	 3.5511E-01
    7.6900	 1.1218E-01	 3.5511E-01
    7.6950	 1.1218E-01	 3.5511E-01
    7.7000	 1.1218E-01	 3.5511E-01
    7.7050	 1.1218E-01	 3.5511E-01
    7.7100	 1.1218E-01	 3.5511E-01
    7.7150	 1.1218E-01	 3.5511E-01
    7.7200	 1.1218E-01	 3.5511E-01
    7.7250	 1.1218E-01	 3.5511E-01
    7.7300	 1.1218E-01	 3.5511E-01
    7.7350	 1.1218E-01	 3.5511E-01
    7.7400	 1.1218E-01	 3.5511E-01
    7.7450	 1.1218E-01	 3.5511E-01
    7.7500	 1.1218E-01	 3.5511E-01
    7.7550	 1.1218E-01	 3.5511E-01
    7.7600	 1.1218E-01	 3.5511E-01
    7.7650	 1.1218E-01	 3.5511E-01
    7.7700	 1.1218E-01	 3.5511E-01
    7.7750	 1.1218E-01	 3.5511E-01
    7.7800	 1.1218E-01	 3.5511E-01
    7.7850	 1.1218E-01	 3.5511E-01
    7.7900	 1.1218E-01	 3.5511E-01
    7.7950	 1.1218E-01	 3.5511E-01
    7.8000	 1.1218E-01	 3.5511E-01
    7.8050	 1.1218E-01	 3.5511E-01
    7.8100	 1.1218E-01	 3.5511E-01
    7.8150	 1.1218E-01	 3.5511E-01
    7.8200	 1.1218E-01	 3.5511E-01
    7.8250	 1.1218E-01	 3.5511E-01
    7.8300	 1.1218E-01	 3.5511E-01
    7.8350	 1.1218E-01	 3.5511E-01
    7.8400	 1.1218E-01	 3.5511E-01
    7.8450	 1.1218E-01	 3.5511E-01
    7.8500	 1.1218E-01	 3.5511E-01
    7.8550	 1.1218E-01	 3.5511E-01
    7.8600	 1.1218E-01	 3.5511E-01
    7.8650	 1.1218E-01	 3.5511E-01
    7.8700	 1.1218E-01	 3.5511E-01
    7.8750	 1.1218E-01	 3.5511E-01
    7.8800	 1.1218E-01	 3.5511E-01
    7.8850	 1.1218E-01	 3.5511E-01
    7.8900	 1.1218E-01	 3.5511E-01
    7.8950	 1.1218E-01	 3.5511E-01
    7.9000	 1.1218E-01	 3.5511E-01
    7.9050	 1.1218E-01	 3.5511E-01
    7.9100	 1.1218E-01	 3.5511E-01
    7.9150	 1.1218E-01	 3.5511E-01
    7.9200	 1.1218E-01	 3.5511E-01
    7.9250	 1.1218E-01	 3.5511E-01
    7.9300	 1.1218E-01	 3.5511E-01
    7.9350	 1.1218E-01	 3.5511E-01
    7.9400	 1.1218E-01	 3.5511E-01
    7.9450	 1.1218E-01	 3.5511E-01
    7.9500	 1.1218E-01	 3.5511E-01
    7.9550	 1.1218E-01	 3.5511E-01
    7.9600	 1.1218E-01	 3.5511E-01
    7.9650	 1.1218E-01	 3.5511E-01
    7.9700	 1.1218E-01	 3.5511E-01
    7.9750	 1.1218E-01	 3.5511E-01
    7.9800	 1.1218E-01	 3.5511E-01
    7.9850	 1.1218E-01	 3.5511E-01
    7.9900	 1.1218E-01	 3.5511E-01
    7.9950	 1.1218E-01	 3.5511E-01
    8.0000	 1.1218E-01	 3.5511E-01
    8.0050	 1.1218E-01	 3.5511E-01
    8.0100	 1.1218E-01	 3.5511E-01
    8.0150	 1.1218E-01	 3.5511E-01
    8.0200	 1.1218E-01	 3.5511E-01
    8.0250	 1.1218E-01	 3.5511E-01
    8.0300	 1.1218E-01	 3.5511E-01
    8.0350	 1.1218E-01	 3.5511E-01
    8.0400	 1.1218E-01	 3.5511E-01
    8.0450	 1.1218E-01	 3.5511E-01
    8.0500	 1.1218E-01	 3.5511E-01
    8.0550	 1.1218E-01	 3.5511E-01
    8.0600	 1.1218E-01	 3.5511E-01
    8.0650	 1.1218E-01	 3.5511E-01
    8.0700	 1.1218E-01	 3.5511E-01
    8.0750	 1.1218E-01	 3.5511E-01
    8.0800	 1.1218E-01	 3.5511E-01
    8.0850	 1.1218E-01	 3.5511E-01
    8.0900	 1.1218E-01	 3.5511E-01
    8.0950	 1.1218E-01	 3.5511E-01
    8.1000	 1.1218E-01	 3.5511E-01
    8.1050	 1.1218E-01	 3.5511E-01
    8.1100	 1.1218E-01	 3.5511E-01
    8.1150	 1.1218E-01	 3.5511E-01
    8.1200	 1.1218E-01	 3.5511E-01
    8.1250	 1.1218E-01	 3.5511E-01
    8.1300	 1.1218E-01	 3.5511E-01
    8.1350	 1.1218E-01	 3.5511E-01
    8.1400	 1.1218E-01	 3.5511E-01
    8.1450	 1.1218E-01	 3.5511E-01
    8.1500	 1.1218E-01	 3.5511E-01
    8.1550	 1.1218E-01	 3.5511E-01
    8.1600	 1.1218E-01	 3.5511E-01
    8.1650	 1.1218E-01	 3.5511E-01
    8.1700	 1.1218E-01	 3.5511E-01
    8.1750	 1.1218E-01	 3.5511E-01
    8.1800	 1.1218E-01	 3.5511E-01
    8.1850	 1.1218E-01	 3.5511E-01
    8.1900	 1.1218E-01	 3.5511E-01
    8.1950	 1.1218E-01	 3.5511E-01
    8.2000	 1.1218E-01	 3.5511E-01
    8.2050	 1.1218E-01	 3.5511E-01
    8.2100	 1.1218E-01	 3.5511E-01
    8.2150	 1.1218E-01	 3.5511E-01
    8.2200	 1.1218E-01	 3.5511E-01
    8.2250	 1.1218E-01	 3.5511E-01
    8.2300	 1.1218E-01	 3.5511E-01
    8.2350	 1.1218E-01	 3.5511E-01
    8.2400	 1.1218E-01	 3.5511E-01
    8.2450	 1.1218E-01	 3.5511E-01
    8.2500	 1.1218E-01	 3.5511E-01
    8.2550	 1.1218E-01	 3.5511E-01
    8.2600	 1.1218E-01	 3.5511E-01
    8.2650	 1.1218E-01	 3.5511E-01
    8.2700	 1.1218E-01	 3.5511E-01
    8.2750	 1.1218E-01	 3.5511E-01
    8.2800	 1.1218E-01	 3.5511E-01
    8.2850	 1.1218E-01	 3.5511E-01
    8.2900	 1.1218E-01	 3.5511E-01
    8.2950	 1.1218E-01	 3.5511E-01
    8.3000	 1.1218E-01	 3.5511E-01
    8.3050	 1.1218E-01	 3.5511E-01
    8.3100	 1.1218E-01	 3.5511E-01
    8.3150	 1.1218E-01	 3.5511E-01
    8.3200	 1.1218E-01	 3.5511E-01
    8.3250	 1.1218E-01	 3.5511E-01
    8.3300	 1.1218E-01	 3.5511E-01
    8.3350	 1.1218E-01	 3.5511E-01
    8.3400	 1.1218E-01	 3.5511E-01
    8.3450	 1.1218E-01	 3.5511E-01
    8.3500	 1.1218E-01	 3.5511E-01
    8.3550	 1.1218E-01	 3.5511E-01
    8.3600	 1.1218E-01	 3.5511E-01
    8.3650	 1.1218E-01	 3.5511E-01
    8.3700	 1.1218E-01	 3.5511E-01
    8.3750	 1.1218E-01	 3.5511E-01
    8.3800	 1.1218E-01	 3.5511E-01
    8.3850	 1.1218E-01	 3.5511E-01
    8.3900	 1.1218E-01	 3.5511E-01
    8.3950	 1.1218E-01	 3.5511E-01
    8.4000	 1.1218E-01	 3.5511E-01
    8.4050	 1.1218E-01	 3.5511E-01
    8.4100	 1.1218E-01	 3.5511E-01
    8.4150	 1.1218E-01	 3.5511E-01
    8.4200	 1.1218E-01	 3.5511E-01
    8.4250	 1.1218E-01	 3.5511E-01
    8.4300	 1.1218E-01	 3.5511E-01
    8.4350	 1.1218E-01	 3.5511E-01
    8.4400	 1.1218E-01	 3.5511E-01
    8.4450	 1.1218E-01	 3.5511E-01
    8.4500	 1.1218E-01	 3.5511E-01
    8.4550	 1.1218E-01	 3.5511E-01
    8.4600	 1.1218E-01	 3.5511E-01
    8.4650	 1.1218E-01	 3.5511E-01
    8.4700	 1.1218E-01	 3.5511E-01
    8.4750	 1.1218E-01	 3.5511E-01
    8.4800	 1.1218E-01	 3.5511E-01
    8.4850	 1.1218E-01	 3.5511E-01
    8.4900	 1.1218E-01	 3.5511E-01
    8.4950	 1.1218E-01	 3.5511E-01
    8.5000	 1.1218E-01	 3.5511E-01
    8.5050	 1.1218E-01	 3.5511E-01
    8.5100	 1.1218E-01	 3.5511E-01
    8.5150	 1.1218E-01	 3.5511E-01
    8.5200	 1.1218E-01	 3.5511E-01
    8.5250	 1.1218E-01	 3.5511E-01
    8.5300	 1.1218E-01	 3.5511E-01
    8.5350	 1.1218E-01	 3.5511E-01
    8.5400	 1.1218E-01	 3.5511E-01
    8.5450	 1.1218E-01	 3.5511E-01
    8.5500	 1.1218E-01	 3.5511E-01
    8.5550	 1.1218E-01	 3.5511E-01
    8.5600	 1.1218E-01	 3.5511E-01
    8.5650	 1.1218E-01	 3.5511E-01
    8.5700	 1.1218E-01	 3.5511E-01
    8.5750	 1.1218E-01	 3.5511E-01
    8.5800	 1.1218E-01	 3.5511E-01
    8.5850	 1.1218E-01	 3.5511E-01
    8.5900	 1.1218E-01	 3.5511E-01
    8.5950	 1.1218E-01	 3.5511E-01
    8.6000	 1.1218E-01	 3.5511E-01
    8.6050	 1.1218E-01	 3.5511E-01
    8.6100	 1.1218E-01	 3.5511E-01
    8.6150	 1.1218E-01	 3.5511E-01
    8.6200	 1.1218E-01	 3.5511E-01
    8.6250	 1.1218E-01	 3.5511E-01
    8.6300	 1.1218E-01	 3.5511E-01
    8.6350	 1.1218E-01	 3.5511E-01
    8.6400	 1.1218E-01	 3.5511E-01
    8.6450	 1.1218E-01	 3.5511E-01
    8.6500	 1.1218E-01	 3.5511E-01
    8.6550	 1.1218E-01	 3.5511E-01
    8.6600	 1.1218E-01	 3.5511E-01
    8.6650	 1.1218E-01	 3.5511E-01
    8.6700	 1.1218E-01	 3.5511E-01
    8.6750	 1.1218E-01	 3.5511E-01
    8.6800	 1.1218E-01	 3.5511E-01
    8.6850	 1.1218E-01	 3.5511E-01
    8.6900	 1.1218E-01	 3.5511E-01
    8.6950	 1.1218E-01	 3.5511E-01
    8.7000	 1.1218E-01	 3.5511E-01
    8.7050	 1.1218E-01	 3.5511E-01
    8.7100	 1.1218E-01	 3.5511E-01
    8.7150	 1.1218E-01	 3.5511E-01
    8.7200	 1.1218E-01	 3.5511E-01
    8.7250	 1.1218E-01	 3.5511E-01
    8.7300	 1.1218E-01	 3.5511E-01
    8.7350	 1.1218E-01	 3.5511E-01
    8.7400	 1.1218E-01	 3.5511E-01
    8.7450	 1.1218E-01	 3.5511E-01
    8.7500	 1.1218E-01	 3.5511E-01
    8.7550	 1.1218E-01	 3.5511E-01
    8.7600	 1.1218E-01	 3.5511E-01
    8.7650	 1.1218E-01	 3.5511E-01
    8.7700	 1.1218E-01	 3.5511E-01
    8.7750	 1.1218E-01	 3.5511E-01
    8.7800	 1.1218E-01	 3.5511E-01
    8.7850	 1.1218E-01	 3.5511E-01
    8.7900	 1.1218E-01	 3.5511E-01
    8.7950	 1.1218E-01	 3.5511E-01
    8.8000	 1.1218E-01	 3.5511E-01
    8.8050	 1.1218E-01	 3.5511E-01
    8.8100	 1.1218E-01	 3.5511E-01
    8.8150	 1.1218E-01	 3.5511E-01
    8.8200	 1.1218E-01	 3.5511E-01
    8.8250	 1.1218E-01	 3.5511E-01
    8.8300	 1.1218E-01	 3.5511E-01
    8.8350	 1.1218E-01	 3.5511E-01
    8.8400	 1.1218E-01	 3.5511E-01
    8.8450	 1.1218E-01	 3.5511E-01
    8.8500	 1.1218E-01	 3.5511E-01
    8.8550	 1.1218E-01	 3.5511E-01
    8.8600	 1.1218E-01	 3.5511E-01
    8.8650	 1.1218E-01	 3.5511E-01
    8.8700	 1.1218E-01	 3.5511E-01
    8.8750	 1.1218E-01	 3.5511E-01
    8.8800	 1.1218E-01	 3.5511E-01
    8.8850	 1.1218E-01	 3.5511E-01
    8.8900	 1.1218E-01	 3.5511E-01
    8.8950	 1.1218E-01	 3.5511E-01
    8.9000	 1.1218E-01	 3.5511E-01
    8.9050	 1.1218E-01	 3.5511E-01
    8.9100	 1.1218E-01	 3.5511E-01
    8.9150	 1.1218E-01	 3.5511E-01
    8.9200	 1.1218E-01	 3.5511E-01
    8.9250	 1.1218E-01	 3.5511E-01
    8.9300	 1.1218E-01	 3.5511E-01
    8.9350	 1.1218E-01	 3.5511E-01
    8.9400	 1.1218E-01	 3.5511E-01
    8.9450	 1.1218E-01	 3.5511E-01
    8.9500	 1.1218E-01	 3.5511E-01
    8.9550	 1.1218E-01	 3.5511E-01
    8.9600	 1.1218E-01	 3.5511E-01
    8.9650	 1.1218E-01	 3.5511E-01
    8.9700	 1.1218E-01	 3.5511E-01
    8.9750	 1.1218E-01	 3.5511E-01
    8.9800	 1.1218E-01	 3.5511E-01
    8.9850	 1.1218E-01	 3.5511E-01
    8.9900	 1.1218E-01	 3.5511E-01
    8.9950	 1.1218E-01	 3.5511E-01
    9.0000	 1.1218E-01	 3.5511E-01
    9.0050	 1.1218E-01	 3.5511E-01
    9.0100	 1.1218E-01	 3.5511E-01
    9.0150	 1.1218E-01	 3.5511E-01
    9.0200	 1.1218E-01	 3.5511E-01
    9.0250	 1.1218E-01	 3.5511E-01
    9.0300	 1.1218E-01	 3.5511E-01
    9.0350	 1.1218E-01	 3.5511E-01
    9.0400	 1.1218E-01	 3.5511E-01
    9.0450	 1.1218E-01	 3.5511E-01
    9.0500	 1.1218E-01	 3.5511E-01
    9.0550	 1.1218E-01	 3.5511E-01
    9.0600	 1.1218E-01	 3.5511E-01
    9.0650	 1.1218E-01	 3.5511E-01
    9.0700	 1.1218E-01	 3.5511E-01
    9.0750	 1.1218E-01	 3.5511E-01
    9.0800	 1.1218E-01	 3.5511E-01
    9.0850	 1.1218E-01	 3.5511E-01
    9.0900	 1.1218E-01	 3.5511E-01
    9.0950	 1.1218E-01	 3.5511E-01
    9.1000	 1.1218E-01	 3.5511E-01
    9.1050	 1.1218E-01	 3.5511E-01
    9.1100	 1.1218E-01	 3.5511E-01
    9.1150	 1.1218E-01	 3.5511E-01
    9.1200	 1.1218E-01	 3.5511E-01
    9.1250	 1.1218E-01	 3.5511E-01
    9.1300	 1.1218E-01	 3.5511E-01
    9.1350	 1.1218E-01	 3.5511E-01
    9.1400	 1.1218E-01	 3.5511E-01
    9.1450	 1.1218E-01	 3.5511E-01
    9.1500	 1.1218E-01	 3.5511E-01
    9.1550	 1.1218E-01	 3.5511E-01
    9.1600	 1.1218E-01	 3.5511E-01
    9.1650	 1.1218E-01	 3.5511E-01
    9.1700	 1.1218E-01	 3.5511E-01
    9.1750	 1.1218E-01	 3.5511E-01
    9.1800	 1.1218E-01	 3.5511E-01
    9.1850	 1.1218E-01	 3.5511E-01
    9.1900	 1.1218E-01	 3.5511E-01
    9.1950	 1.1218E-01	 3.5511E-01
    9.2000	 1.1218E-01	 3.5511E-01
    9.2050	 1.1218E-01	 3.5511E-01
    9.2100	 1.1218E-01	 3.5511E-01
    9.2150	 1.1218E-01	 3.5511E-01
    9.2200	 1.1218E-01	 3.5511E-01
    9.2250	 1.1218E-01	 3.5511E-01
    9.2300	 1.1218E-01	 3.5511E-01
    9.2350	 1.1218E-01	 3.5511E-01
    9.2400	 1.1218E-01	 3.5511E-01
    9.2450	 1.1218E-01	 3.5511E-01
    9.2500	 1.1218E-01	 3.5511E-01
    9.2550	 1.1218E-01	 3.5511E-01
    9.2600	 1.1218E-01	 3.5511E-01
    9.2650	 1.1218E-01	 3.5511E-01
    9.2700	 1.1218E-01	 3.5511E-01
    9.2750	 1.1218E-01	 3.5511E-01
    9.2800	 1.1218E-01	 3.5511E-01
    9.2850	 1.1218E-01	 3.5511E-01
    9.2900	 1.1218E-01	 3.5511E-01
    9.2950	 1.1218E-01	 3.5511E-01
    9.3000	 1.1218E-01	 3.5511E-01
    9.3050	 1.1218E-01	 3.5511E-01
    9.3100	 1.1218E-01	 3.5511E-01
    9.3150	 1.1218E-01	 3.5511E-01
    9.3200	 1.1218E-01	 3.5511E-01
    9.3250	 1.1218E-01	 3.5511E-01
    9.3300	 1.1218E-01	 3.5511E-01
    9.3350	 1.1218E-01	 3.5511E-01
    9.3400	 1.1218E-01	 3.5511E-01
    9.3450	 1.1218E-01	 3.5511E-01
    9.3500	 1.1218E-01	 3.5511E-01
    9.3550	 1.1218E-01	 3.5511E-01
    9.3600	 1.1218E-01	 3.5511E-01
    9.3650	 1.1218E-01	 3.5511E-01
    9.3700	 1.1218E-01	 3.5511E-01
    9.3750	 1.1218E-01	 3.5511E-01
    9.3800	 1.1218E-01	 3.5511E-01
    9.3850	 1.1218E-01	 3.5511E-01
    9.3900	 1.1218E-01	 3.5511E-01
    9.3950	 1.1218E-01	 3.5511E-01
    9.4000	 1.1218E-01	 3.5511E-01
    9.4050	 1.1218E-01	 3.5511E-01
    9.4100	 1.1218E-01	 3.5511E-01
    9.4150	 1.1218E-01	 3.5511E-01
    9.4200	 1.1218E-01	 3.5511E-01
    9.4250	 1.1218E-01	 3.5511E-01
    9.4300	 1.1218E-01	 3.5511E-01
    9.4350	 1.1218E-01	 3.5511E-01
    9.4400	 1.1218E-01	 3.5511E-01
    9.4450	 1.1218E-01	 3.5511E-01
    9.4500	 1.1218E-01	 3.5511E-01
    9.4550	 1.1218E-01	 3.5511E-01
    9.4600	 1.1218E-01	 3.5511E-01
    9.4650	 1.1218E-01	 3.5511E-01
    9.4700	 1.1218E-01	 3.5511E-01
    9.4750	 1.1218E-01	 3.5511E-01
    9.4800	 1.1218E-01	 3.5511E-01
    9.4850	 1.1218E-01	 3.5511E-01
    9.4900	 1.1218E-01	 3.5511E-01
    9.4950	 1.1218E-01	 3.5511E-01
    9.5000	 1.1218E-01	 3.5511E-01
    9.5050	 1.1218E-01	 3.5511E-01
    9.5100	 1.1218E-01	 3.5511E-01
    9.5150	 1.1218E-01	 3.5511E-01
    9.5200	 1.1218E-01	 3.5511E-01
    9.5250	 1.1218E-01	 3.5511E-01
    9.5300	 1.1218E-01	 3.5511E-01
    9.5350	 1.1218E-01	 3.5511E-01
    9.5400	 1.1218E-01	 3.5511E-01
    9.5450	 1.1218E-01	 3.5511E-01
    9.5500	 1.1218E-01	 3.5511E-01
    9.5550	 1.1218E-01	 3.5511E-01
    9.5600	 1.1218E-01	 3.5511E-01
    9.5650	 1.1218E-01	 3.5511E-01
    9.5700	 1.1218E-01	 3.5511E-01
    9.5750	 1.1218E-01	 3.5511E-01
    9.5800	 1.1218E-01	 3.5511E-01
    9.5850	 1.1218E-01	 3.5511E-01
    9.5900	 1.1218E-01	 3.5511E-01
    9.5950	 1.1218E-01	 3.5511E-01
    9.6000	 1.1218E-01	 3.5511E-01
    9.6050	 1.1218E-01	 3.5511E-01
    9.6100	 1.1218E-01	 3.5511E-01
    9.6150	 1.1218E-01	 3.5511E-01
    9.6200	 1.1218E-01	 3.5511E-01
    9.6250	 1.1218E-01	 3.5511E-01
    9.6300	 1.1218E-01	 3.5511E-01
    9.6350	 1.1218E-01	 3.5511E-01
    9.6400	 1.1218E-01	 3.5511E-01
    9.6450	 1.1218E-01	 3.5511E-01
    9.6500	 1.1218E-01	 3.5511E-01
    9.6550	 1.1218E-01	 3.5511E-01
    9.6600	 1.1218E-01	 3.5511E-01
    9.6650	 1.1218E-01	 3.5511E-01
    9.6700	 1.1218E-01	 3.5511E-01
    9.6750	 1.1218E-01	 3.5511E-01
    9.6800	 1.1218E-01	 3.5511E-01
    9.6850	 1.1218E-01	 3.5511E-01
    9.6900	 1.1218E-01	 3.5511E-01
    9.6950	 1.1218E-01	 3.5511E-01
    9.7000	 1.1218E-01	 3.5511E-01
    9.7050	 1.1218E-01	 3.5511E-01
    9.7100	 1.1218E-01	 3.5511E-01
    9.7150	 1.1218E-01	 3.5511E-01
    9.7200	 1.1218E-01	 3.5511E-01
    9.7250	 1.1218E-01	 3.5511E-01
    9.7300	 1.1218E-01	 3.5511E-01
    9.7350	 1.1218E-01	 3.5511E-01
    9.7400	 1.1218E-01	 3.5511E-01
    9.7450	 1.1218E-01	 3.5511E-01
    9.7500	 1.1218E-01	 3.5511E-01
    9.7550	 1.1218E-01	 3.5511E-01
    9.7600	 1.1218E-01	 3.5511E-01
    9.7650	 1.1218E-01	 3.5511E-01
    9.7700	 1.1218E-01	 3.5511E-01
    9.7750	 1.1218E-01	 3.5511E-01
    9.7800	 1.1218E-01	 3.5511E-01
    9.7850	 1.1218E-01	 3.5511E-01
    9.7900	 1.1218E-01	 3.5511E-01
    9.7950	 1.1218E-01	 3.5511E-01
    9.8000	 1.1218E-01	 3.5511E-01
    9.8050	 1.1218E-01	 3.5511E-01
    9.8100	 1.1218E-01	 3.5511E-01
    9.8150	 1.1218E-01	 3.5511E-01
    9.8200	 1.1218E-01	 3.5511E-01
    9.8250	 1.1218E-01	 3.5511E-01
    9.8300	 1.1218E-01	 3.5511E-01
    9.8350	 1.1218E-01	 3.5511E-01
    9.8400	 1.1218E-01	 3.5511E-01
    9.8450	 1.1218E-01	 3.5511E-01
    9.8500	 1.1218E-01	 3.5511E-01
    9.8550	 1.1218E-01	 3.5511E-01
    9.8600	 1.1218E-01	 3.5511E-01
    9.8650	 1.1218E-01	 3.5511E-01
    9.8700	 1.1218E-01	 3.5511E-01
    9.8750	 1.1218E-01	 3.5511E-01
    9.8800	 1.1218E-01	 3.5511E-01
    9.8850	 1.1218E-01	 3.5511E-01
    9.8900	 1.1218E-01	 3.5511E-01
    9.8950	 1.1218E-01	 3.5511E-01
    9.9000	 1.1218E-01	 3.5511E-01
    9.9050	 1.1218E-01	 3.5511E-01
    9.9100	 1.1218E-01	 3.5511E-01
    9.9150	 1.1218E-01	 3.5511E-01
    9.9200	 1.1218E-01	 3.5511E-01
    9.9250	 1.1218E-01	 3.5511E-01
    9.9300	 1.1218E-01	 3.5511E-01
    9.9350	 1.1218E-01	 3.5511E-01
    9.9400	 1.1218E-01	 3.5511E-01
    9.9450	 1.1218E-01	 3.5511E-01
    9.9500	 1.1218E-01	 3.5511E-01
    9.9550	 1.1218E-01	 3.5511E-01
    9.9600	 1.1218E-01	 3.5511E-01
    9.9650	 1.1218E-01	 3.5511E-01
    9.9700	 1.1218E-01	 3.5511E-01
    9.9750	 1.1218E-01	 3.5511E-01
    9.9800	 1.1218E-01	 3.5511E-01
    9.9850	 1.1218E-01	 3.5511E-01
    9.9900	 1.1218E-01	 3.5511E-01
    9.9950	 1.1218E-01	 3.5511E-01
   10.0000	 1.1218E-01	 3.5511E-01
